Archive member included to satisfy reference by file (symbol)

c:/program files (x86)/atmel/studio/7.0/toolchain/arm/arm-gnu-toolchain/bin/../lib/gcc/arm-none-eabi/6.3.1/thumb/v6-m\libgcc.a(_udivsi3.o)
                              src/ASF/sam0/drivers/can/can.o (__aeabi_uidiv)
c:/program files (x86)/atmel/studio/7.0/toolchain/arm/arm-gnu-toolchain/bin/../lib/gcc/arm-none-eabi/6.3.1/thumb/v6-m\libgcc.a(_dvmd_tls.o)
                              c:/program files (x86)/atmel/studio/7.0/toolchain/arm/arm-gnu-toolchain/bin/../lib/gcc/arm-none-eabi/6.3.1/thumb/v6-m\libgcc.a(_udivsi3.o) (__aeabi_idiv0)
c:/program files (x86)/atmel/studio/7.0/toolchain/arm/arm-gnu-toolchain/bin/../lib/gcc/arm-none-eabi/6.3.1/thumb/v6-m\libgcc.a(_muldi3.o)
                              src/ASF/sam0/drivers/sercom/sercom.o (__aeabi_lmul)
c:/program files (x86)/atmel/studio/7.0/toolchain/arm/arm-gnu-toolchain/bin/../lib/gcc/arm-none-eabi/6.3.1/../../../../arm-none-eabi/lib/thumb/v6-m\libc_nano.a(lib_a-atoi.o)
                              src/cli.o (atoi)
c:/program files (x86)/atmel/studio/7.0/toolchain/arm/arm-gnu-toolchain/bin/../lib/gcc/arm-none-eabi/6.3.1/../../../../arm-none-eabi/lib/thumb/v6-m\libc_nano.a(lib_a-exit.o)
                              c:/program files (x86)/atmel/studio/7.0/toolchain/arm/arm-gnu-toolchain/bin/../lib/gcc/arm-none-eabi/6.3.1/../../../../arm-none-eabi/lib/thumb/v6-m/crt0.o (exit)
c:/program files (x86)/atmel/studio/7.0/toolchain/arm/arm-gnu-toolchain/bin/../lib/gcc/arm-none-eabi/6.3.1/../../../../arm-none-eabi/lib/thumb/v6-m\libc_nano.a(lib_a-impure.o)
                              c:/program files (x86)/atmel/studio/7.0/toolchain/arm/arm-gnu-toolchain/bin/../lib/gcc/arm-none-eabi/6.3.1/../../../../arm-none-eabi/lib/thumb/v6-m\libc_nano.a(lib_a-exit.o) (_global_impure_ptr)
c:/program files (x86)/atmel/studio/7.0/toolchain/arm/arm-gnu-toolchain/bin/../lib/gcc/arm-none-eabi/6.3.1/../../../../arm-none-eabi/lib/thumb/v6-m\libc_nano.a(lib_a-init.o)
                              c:/program files (x86)/atmel/studio/7.0/toolchain/arm/arm-gnu-toolchain/bin/../lib/gcc/arm-none-eabi/6.3.1/../../../../arm-none-eabi/lib/thumb/v6-m/crt0.o (__libc_init_array)
c:/program files (x86)/atmel/studio/7.0/toolchain/arm/arm-gnu-toolchain/bin/../lib/gcc/arm-none-eabi/6.3.1/../../../../arm-none-eabi/lib/thumb/v6-m\libc_nano.a(lib_a-locale.o)
                              src/cli.o (__locale_ctype_ptr)
c:/program files (x86)/atmel/studio/7.0/toolchain/arm/arm-gnu-toolchain/bin/../lib/gcc/arm-none-eabi/6.3.1/../../../../arm-none-eabi/lib/thumb/v6-m\libc_nano.a(lib_a-mbtowc_r.o)
                              c:/program files (x86)/atmel/studio/7.0/toolchain/arm/arm-gnu-toolchain/bin/../lib/gcc/arm-none-eabi/6.3.1/../../../../arm-none-eabi/lib/thumb/v6-m\libc_nano.a(lib_a-locale.o) (__ascii_mbtowc)
c:/program files (x86)/atmel/studio/7.0/toolchain/arm/arm-gnu-toolchain/bin/../lib/gcc/arm-none-eabi/6.3.1/../../../../arm-none-eabi/lib/thumb/v6-m\libc_nano.a(lib_a-memcpy-stub.o)
                              src/ASF/sam0/drivers/can/can.o (memcpy)
c:/program files (x86)/atmel/studio/7.0/toolchain/arm/arm-gnu-toolchain/bin/../lib/gcc/arm-none-eabi/6.3.1/../../../../arm-none-eabi/lib/thumb/v6-m\libc_nano.a(lib_a-memset.o)
                              c:/program files (x86)/atmel/studio/7.0/toolchain/arm/arm-gnu-toolchain/bin/../lib/gcc/arm-none-eabi/6.3.1/../../../../arm-none-eabi/lib/thumb/v6-m/crt0.o (memset)
c:/program files (x86)/atmel/studio/7.0/toolchain/arm/arm-gnu-toolchain/bin/../lib/gcc/arm-none-eabi/6.3.1/../../../../arm-none-eabi/lib/thumb/v6-m\libc_nano.a(lib_a-sprintf.o)
                              src/ASF/thirdparty/freertos/freertos-10.0.0/Source/tasks.o (sprintf)
c:/program files (x86)/atmel/studio/7.0/toolchain/arm/arm-gnu-toolchain/bin/../lib/gcc/arm-none-eabi/6.3.1/../../../../arm-none-eabi/lib/thumb/v6-m\libc_nano.a(lib_a-strcmp.o)
                              src/cli.o (strcmp)
c:/program files (x86)/atmel/studio/7.0/toolchain/arm/arm-gnu-toolchain/bin/../lib/gcc/arm-none-eabi/6.3.1/../../../../arm-none-eabi/lib/thumb/v6-m\libc_nano.a(lib_a-strcpy.o)
                              src/UARTCommandConsole.o (strcpy)
c:/program files (x86)/atmel/studio/7.0/toolchain/arm/arm-gnu-toolchain/bin/../lib/gcc/arm-none-eabi/6.3.1/../../../../arm-none-eabi/lib/thumb/v6-m\libc_nano.a(lib_a-strlen.o)
                              src/UARTCommandConsole.o (strlen)
c:/program files (x86)/atmel/studio/7.0/toolchain/arm/arm-gnu-toolchain/bin/../lib/gcc/arm-none-eabi/6.3.1/../../../../arm-none-eabi/lib/thumb/v6-m\libc_nano.a(lib_a-strtok.o)
                              src/cli.o (strtok)
c:/program files (x86)/atmel/studio/7.0/toolchain/arm/arm-gnu-toolchain/bin/../lib/gcc/arm-none-eabi/6.3.1/../../../../arm-none-eabi/lib/thumb/v6-m\libc_nano.a(lib_a-strtok_r.o)
[...]
Memory Configuration

Name             Origin             Length             Attributes
rom              0x00000000         0x00040000         xr
ram              0x20000000         0x00008000         xrw
*default*        0x00000000         0xffffffff

Linker script and memory map

LOAD c:/program files (x86)/atmel/studio/7.0/toolchain/arm/arm-gnu-toolchain/bin/../lib/gcc/arm-none-eabi/6.3.1/thumb/v6-m/crti.o
LOAD c:/program files (x86)/atmel/studio/7.0/toolchain/arm/arm-gnu-toolchain/bin/../lib/gcc/arm-none-eabi/6.3.1/thumb/v6-m/crtbegin.o
LOAD c:/program files (x86)/atmel/studio/7.0/toolchain/arm/arm-gnu-toolchain/bin/../lib/gcc/arm-none-eabi/6.3.1/../../../../arm-none-eabi/lib/thumb/v6-m/crt0.o
LOAD src/ASF/sam0/drivers/can/can.o
LOAD src/can_utils.o
LOAD src/cli.o
LOAD src/UARTCommandConsole.o
LOAD src/ASF/sam0/drivers/sercom/sercom.o
LOAD src/ASF/sam0/drivers/sercom/sercom_interrupt.o
LOAD src/ASF/sam0/drivers/sercom/usart/usart.o
LOAD src/ASF/sam0/drivers/sercom/usart/usart_interrupt.o
LOAD src/ASF/sam0/drivers/system/clock/clock_samc20_c21/clock.o
LOAD src/ASF/sam0/drivers/system/system.o
LOAD src/ASF/sam0/utils/cmsis/samc21/source/system_samc21.o
LOAD src/ASF/thirdparty/freertos/freertos-10.0.0/Source/croutine.o
LOAD src/ASF/thirdparty/freertos/freertos-10.0.0/Source/event_groups.o
LOAD src/ASF/thirdparty/freertos/freertos-10.0.0/Source/list.o
LOAD src/ASF/thirdparty/freertos/freertos-10.0.0/Source/portable/GCC/ARM_CM0/port.o
LOAD src/ASF/thirdparty/freertos/freertos-10.0.0/Source/portable/MemMang/heap_1.o
LOAD src/ASF/thirdparty/freertos/freertos-10.0.0/Source/queue.o
LOAD src/ASF/thirdparty/freertos/freertos-10.0.0/Source/stream_buffer.o
LOAD src/ASF/thirdparty/freertos/freertos-10.0.0/Source/tasks.o
LOAD src/ASF/thirdparty/freertos/freertos-10.0.0/Source/timers.o
LOAD src/main-blinky.o
LOAD src/main.o
LOAD src/ASF/common/utils/interrupt/interrupt_sam_nvic.o
LOAD src/ASF/sam0/boards/samc21_xplained_pro/board_init.o
LOAD src/ASF/sam0/drivers/port/port.o
LOAD src/ASF/sam0/drivers/system/clock/clock_samc20_c21/gclk.o
LOAD src/ASF/sam0/drivers/system/interrupt/system_interrupt.o
LOAD src/ASF/sam0/drivers/system/pinmux/pinmux.o
LOAD src/ASF/sam0/utils/cmsis/samc21/source/gcc/startup_samc21.o
LOAD src/ASF/sam0/utils/syscalls/gcc/syscalls.o
START GROUP
LOAD ../src/ASF/thirdparty/CMSIS/Lib/GCC\libarm_cortexM0l_math.a
LOAD c:/program files (x86)/atmel/studio/7.0/toolchain/arm/arm-gnu-toolchain/bin/../lib/gcc/arm-none-eabi/6.3.1/../../../../arm-none-eabi/lib/thumb/v6-m\libm.a
END GROUP
START GROUP
LOAD c:/program files (x86)/atmel/studio/7.0/toolchain/arm/arm-gnu-toolchain/bin/../lib/gcc/arm-none-eabi/6.3.1/thumb/v6-m\libgcc.a
LOAD c:/program files (x86)/atmel/studio/7.0/toolchain/arm/arm-gnu-toolchain/bin/../lib/gcc/arm-none-eabi/6.3.1/../../../../arm-none-eabi/lib/thumb/v6-m\libc_nano.a
END GROUP
START GROUP
LOAD c:/program files (x86)/atmel/studio/7.0/toolchain/arm/arm-gnu-toolchain/bin/../lib/gcc/arm-none-eabi/6.3.1/thumb/v6-m\libgcc.a
LOAD c:/program files (x86)/atmel/studio/7.0/toolchain/arm/arm-gnu-toolchain/bin/../lib/gcc/arm-none-eabi/6.3.1/../../../../arm-none-eabi/lib/thumb/v6-m\libc_nano.a
END GROUP
LOAD c:/program files (x86)/atmel/studio/7.0/toolchain/arm/arm-gnu-toolchain/bin/../lib/gcc/arm-none-eabi/6.3.1/thumb/v6-m/crtend.o
LOAD c:/program files (x86)/atmel/studio/7.0/toolchain/arm/arm-gnu-toolchain/bin/../lib/gcc/arm-none-eabi/6.3.1/thumb/v6-m/crtn.o
                0x00002000                STACK_SIZE = DEFINED (STACK_SIZE)?STACK_SIZE:DEFINED (__stack_size__)?__stack_size__:0x2000

.text           0x00000000     0x7684
                0x00000000                . = ALIGN (0x4)
                0x00000000                _sfixed = .
 *(.vectors .vectors.*)
 .vectors       0x00000000       0xbc src/ASF/sam0/utils/cmsis/samc21/source/gcc/startup_samc21.o
                0x00000000                exception_table
 *(.text .text.* .gnu.linkonce.t.*)
 .text          0x000000bc       0x60 c:/program files (x86)/atmel/studio/7.0/toolchain/arm/arm-gnu-toolchain/bin/../lib/gcc/arm-none-eabi/6.3.1/thumb/v6-m/crtbegin.o
 .text.system_gclk_chan_get_config_defaults
                0x0000011c       0x16 src/ASF/sam0/drivers/can/can.o
 *fill*         0x00000132        0x2 
 .text.system_ahb_clock_set_mask
                0x00000134       0x20 src/ASF/sam0/drivers/can/can.o
 .text._can_message_memory_init
                0x00000154      0x18c src/ASF/sam0/drivers/can/can.o
 .text._can_set_configuration
                0x000002e0      0x230 src/ASF/sam0/drivers/can/can.o
 .text._can_enable_peripheral_clock
                0x00000510       0x48 src/ASF/sam0/drivers/can/can.o
 .text.can_init
                0x00000558       0xc4 src/ASF/sam0/drivers/can/can.o
                0x00000558                can_init
 .text.can_set_baudrate
                0x0000061c       0xa0 src/ASF/sam0/drivers/can/can.o
                0x0000061c                can_set_baudrate
 .text.can_start
                0x000006bc       0x2e src/ASF/sam0/drivers/can/can.o
                0x000006bc                can_start
 .text.can_stop
                0x000006ea       0x2e src/ASF/sam0/drivers/can/can.o
                0x000006ea                can_stop
 .text.can_set_rx_standard_filter
                0x00000718       0x5c src/ASF/sam0/drivers/can/can.o
                0x00000718                can_set_rx_standard_filter
 .text.can_set_rx_extended_filter
                0x00000774       0x7c src/ASF/sam0/drivers/can/can.o
                0x00000774                can_set_rx_extended_filter
 .text.can_set_tx_buffer_element
                0x000007f0       0xd8 src/ASF/sam0/drivers/can/can.o
                0x000007f0                can_set_tx_buffer_element
 .text.can_rx_get_fifo_status
                0x000008c8       0x36 src/can_utils.o
 .text.can_rx_fifo_acknowledge
                0x000008fe       0x48 src/can_utils.o
 *fill*         0x00000946        0x2 
 .text.can_get_standard_message_filter_element_default
                0x00000948       0x1c src/can_utils.o
 .text.can_get_extended_message_filter_element_default
                0x00000964       0x24 src/can_utils.o
 .text.can_filter_add
                0x00000988      0x144 src/can_utils.o
                0x00000988                can_filter_add
 .text.can_filter_switch
                0x00000acc      0x130 src/can_utils.o
                0x00000acc                can_filter_switch
 .text.can_filters_init
                0x00000bfc      0x120 src/can_utils.o
                0x00000bfc                can_filters_init
 .text.can_msg_get
                0x00000d1c       0x58 src/can_utils.o
                0x00000d1c                can_msg_get
 .text.can_msg_free
                0x00000d74       0x28 src/can_utils.o
                0x00000d74                can_msg_free
 .text.get_help
                0x00000d9c       0x78 src/cli.o
                0x00000d9c                get_help
 .text.get_help_verbose
                0x00000e14       0x78 src/cli.o
                0x00000e14                get_help_verbose
 .text.check_digits
                0x00000e8c       0x58 src/cli.o
                0x00000e8c                check_digits
 .text.get_num  0x00000ee4       0x3c src/cli.o
                0x00000ee4                get_num
 .text.match_command
                0x00000f20       0x74 src/cli.o
                0x00000f20                match_command
 .text.get_command
                0x00000f94      0x124 src/cli.o
                0x00000f94                get_command
 .text.system_interrupt_enable
                0x000010b8       0x2c src/UARTCommandConsole.o
 .text.usart_is_syncing
                0x000010e4       0x20 src/UARTCommandConsole.o
 .text._usart_wait_for_sync
                0x00001104       0x24 src/UARTCommandConsole.o
 .text.usart_get_config_defaults
                0x00001128       0xdc src/UARTCommandConsole.o
 .text.usart_enable
                0x00001204       0x48 src/UARTCommandConsole.o
 .text.usart_enable_callback
                0x0000124c       0x36 src/UARTCommandConsole.o
 *fill*         0x00001282        0x2 
 .text.vUARTCommandConsoleStart
                0x00001284       0x3c src/UARTCommandConsole.o
                0x00001284                vUARTCommandConsoleStart
 .text.ulong_to_string
                0x000012c0       0xda src/UARTCommandConsole.o
                0x000012c0                ulong_to_string
 *fill*         0x0000139a        0x2 
 .text.debug_msg_init
                0x0000139c       0x1c src/UARTCommandConsole.o
                0x0000139c                debug_msg_init
 .text.debug_msg
                0x000013b8       0x30 src/UARTCommandConsole.o
                0x000013b8                debug_msg
 .text.printhex
                0x000013e8       0x84 src/UARTCommandConsole.o
                0x000013e8                printhex
 .text.prvUARTCommandConsoleTask
                0x0000146c      0x1bc src/UARTCommandConsole.o
 .text.prvSendBuffer
                0x00001628       0x48 src/UARTCommandConsole.o
 .text.prvConfigureUART
                0x00001670      0x154 src/UARTCommandConsole.o
 .text.prvUARTRxNotificationHandler
                0x000017c4       0x40 src/UARTCommandConsole.o
 .text.prvUARTTxNotificationHandler
                0x00001804       0x40 src/UARTCommandConsole.o
 .text.system_gclk_chan_get_config_defaults
                0x00001844       0x16 src/ASF/sam0/drivers/sercom/sercom.o
 .text.long_division
                0x0000185a       0xe0 src/ASF/sam0/drivers/sercom/sercom.o
 .text._sercom_get_sync_baud_val
                0x0000193a       0x7c src/ASF/sam0/drivers/sercom/sercom.o
                0x0000193a                _sercom_get_sync_baud_val
 *fill*         0x000019b6        0x2 
 .text._sercom_get_async_baud_val
                0x000019b8      0x1c0 src/ASF/sam0/drivers/sercom/sercom.o
                0x000019b8                _sercom_get_async_baud_val
 .text.sercom_set_gclk_generator
                0x00001b78       0x8c src/ASF/sam0/drivers/sercom/sercom.o
                0x00001b78                sercom_set_gclk_generator
 .text._sercom_get_default_pad
                0x00001c04      0x1c0 src/ASF/sam0/drivers/sercom/sercom.o
                0x00001c04                _sercom_get_default_pad
 .text._sercom_get_sercom_inst_index
                0x00001dc4       0x50 src/ASF/sam0/drivers/sercom/sercom.o
                0x00001dc4                _sercom_get_sercom_inst_index
 .text._sercom_default_handler
                0x00001e14       0x14 src/ASF/sam0/drivers/sercom/sercom_interrupt.o
 .text._sercom_set_handler
                0x00001e28       0x6c src/ASF/sam0/drivers/sercom/sercom_interrupt.o
                0x00001e28                _sercom_set_handler
 .text._sercom_get_interrupt_vector
                0x00001e94       0x44 src/ASF/sam0/drivers/sercom/sercom_interrupt.o
                0x00001e94                _sercom_get_interrupt_vector
 .text.SERCOM0_Handler
                0x00001ed8       0x18 src/ASF/sam0/drivers/sercom/sercom_interrupt.o
                0x00001ed8                SERCOM0_Handler
 .text.SERCOM1_Handler
                0x00001ef0       0x18 src/ASF/sam0/drivers/sercom/sercom_interrupt.o
                0x00001ef0                SERCOM1_Handler
 .text.SERCOM2_Handler
                0x00001f08       0x18 src/ASF/sam0/drivers/sercom/sercom_interrupt.o
                0x00001f08                SERCOM2_Handler
 .text.SERCOM3_Handler
                0x00001f20       0x18 src/ASF/sam0/drivers/sercom/sercom_interrupt.o
                0x00001f20                SERCOM3_Handler
 .text.SERCOM4_Handler
                0x00001f38       0x18 src/ASF/sam0/drivers/sercom/sercom_interrupt.o
                0x00001f38                SERCOM4_Handler
 .text.SERCOM5_Handler
                0x00001f50       0x18 src/ASF/sam0/drivers/sercom/sercom_interrupt.o
                0x00001f50                SERCOM5_Handler
 .text.system_gclk_chan_get_config_defaults
                0x00001f68       0x16 src/ASF/sam0/drivers/sercom/usart/usart.o
 *fill*         0x00001f7e        0x2 
 .text.system_apb_clock_set_mask
                0x00001f80       0x5c src/ASF/sam0/drivers/sercom/usart/usart.o
 .text.system_pinmux_get_config_defaults
                0x00001fdc       0x28 src/ASF/sam0/drivers/sercom/usart/usart.o
 .text.system_is_debugger_present
                0x00002004       0x20 src/ASF/sam0/drivers/sercom/usart/usart.o
 .text.usart_is_syncing
                0x00002024       0x20 src/ASF/sam0/drivers/sercom/usart/usart.o
 .text._usart_wait_for_sync
                0x00002044       0x24 src/ASF/sam0/drivers/sercom/usart/usart.o
 .text._usart_set_config
                0x00002068      0x350 src/ASF/sam0/drivers/sercom/usart/usart.o
 .text.usart_init
                0x000023b8      0x280 src/ASF/sam0/drivers/sercom/usart/usart.o
                0x000023b8                usart_init
 .text.system_interrupt_enter_critical_section
                0x00002638       0x14 src/ASF/sam0/drivers/sercom/usart/usart_interrupt.o
 .text.system_interrupt_leave_critical_section
                0x0000264c       0x14 src/ASF/sam0/drivers/sercom/usart/usart_interrupt.o
 .text.usart_is_syncing
                0x00002660       0x20 src/ASF/sam0/drivers/sercom/usart/usart_interrupt.o
 .text._usart_wait_for_sync
                0x00002680       0x24 src/ASF/sam0/drivers/sercom/usart/usart_interrupt.o
 .text._usart_write_buffer
                0x000026a4       0x5c src/ASF/sam0/drivers/sercom/usart/usart_interrupt.o
                0x000026a4                _usart_write_buffer
 .text._usart_read_buffer
                0x00002700       0x78 src/ASF/sam0/drivers/sercom/usart/usart_interrupt.o
                0x00002700                _usart_read_buffer
 .text.usart_register_callback
                0x00002778       0x48 src/ASF/sam0/drivers/sercom/usart/usart_interrupt.o
                0x00002778                usart_register_callback
 .text.usart_write_buffer_job
                0x000027c0       0x48 src/ASF/sam0/drivers/sercom/usart/usart_interrupt.o
                0x000027c0                usart_write_buffer_job
 .text.usart_read_buffer_job
                0x00002808       0x48 src/ASF/sam0/drivers/sercom/usart/usart_interrupt.o
                0x00002808                usart_read_buffer_job
 .text._usart_interrupt_handler
                0x00002850      0x35c src/ASF/sam0/drivers/sercom/usart/usart_interrupt.o
                0x00002850                _usart_interrupt_handler
 .text.system_gclk_gen_get_config_defaults
                0x00002bac       0x2e src/ASF/sam0/drivers/system/clock/clock_samc20_c21/clock.o
 *fill*         0x00002bda        0x2 
 .text.system_cpu_clock_set_divider
                0x00002bdc       0x28 src/ASF/sam0/drivers/system/clock/clock_samc20_c21/clock.o
 .text.system_flash_set_waitstates
                0x00002c04       0x34 src/ASF/sam0/drivers/system/clock/clock_samc20_c21/clock.o
 .text.system_clock_source_get_hz
                0x00002c38       0x88 src/ASF/sam0/drivers/system/clock/clock_samc20_c21/clock.o
                0x00002c38                system_clock_source_get_hz
 .text.system_clock_init
                0x00002cc0       0xd4 src/ASF/sam0/drivers/system/clock/clock_samc20_c21/clock.o
                0x00002cc0                system_clock_init
 .text._system_dummy_init
                0x00002d94        0xa src/ASF/sam0/drivers/system/system.o
                0x00002d94                _system_extint_init
                0x00002d94                _system_events_init
                0x00002d94                _system_dummy_init
                0x00002d94                _system_divas_init
 *fill*         0x00002d9e        0x2 
 .text.system_init
                0x00002da0       0x34 src/ASF/sam0/drivers/system/system.o
                0x00002da0                system_init
 .text.vListInitialise
                0x00002dd4       0x3c src/ASF/thirdparty/freertos/freertos-10.0.0/Source/list.o
                0x00002dd4                vListInitialise
 .text.vListInitialiseItem
                0x00002e10       0x16 src/ASF/thirdparty/freertos/freertos-10.0.0/Source/list.o
                0x00002e10                vListInitialiseItem
 .text.vListInsertEnd
                0x00002e26       0x44 src/ASF/thirdparty/freertos/freertos-10.0.0/Source/list.o
                0x00002e26                vListInsertEnd
 .text.vListInsert
                0x00002e6a       0x6c src/ASF/thirdparty/freertos/freertos-10.0.0/Source/list.o
                0x00002e6a                vListInsert
 .text.uxListRemove
                0x00002ed6       0x50 src/ASF/thirdparty/freertos/freertos-10.0.0/Source/list.o
                0x00002ed6                uxListRemove
 *fill*         0x00002f26        0x2 
 .text.pxPortInitialiseStack
                0x00002f28       0x54 src/ASF/thirdparty/freertos/freertos-10.0.0/Source/portable/GCC/ARM_CM0/port.o
                0x00002f28                pxPortInitialiseStack
 .text.prvTaskExitError
                0x00002f7c       0x2c src/ASF/thirdparty/freertos/freertos-10.0.0/Source/portable/GCC/ARM_CM0/port.o
 *fill*         0x00002fa8        0x8 
 .text.vPortStartFirstTask
                0x00002fb0       0x38 src/ASF/thirdparty/freertos/freertos-10.0.0/Source/portable/GCC/ARM_CM0/port.o
 .text.xPortStartScheduler
                0x00002fe8       0x58 src/ASF/thirdparty/freertos/freertos-10.0.0/Source/portable/GCC/ARM_CM0/port.o
                0x00002fe8                xPortStartScheduler
 .text.vPortYield
                0x00003040       0x20 src/ASF/thirdparty/freertos/freertos-10.0.0/Source/portable/GCC/ARM_CM0/port.o
                0x00003040                vPortYield
 .text.vPortEnterCritical
                0x00003060       0x24 src/ASF/thirdparty/freertos/freertos-10.0.0/Source/portable/GCC/ARM_CM0/port.o
                0x00003060                vPortEnterCritical
 .text.vPortExitCritical
                0x00003084       0x30 src/ASF/thirdparty/freertos/freertos-10.0.0/Source/portable/GCC/ARM_CM0/port.o
                0x00003084                vPortExitCritical
 .text.ulSetInterruptMaskFromISR
                0x000030b4        0xc src/ASF/thirdparty/freertos/freertos-10.0.0/Source/portable/GCC/ARM_CM0/port.o
                0x000030b4                ulSetInterruptMaskFromISR
 .text.vClearInterruptMaskFromISR
                0x000030c0        0x8 src/ASF/thirdparty/freertos/freertos-10.0.0/Source/portable/GCC/ARM_CM0/port.o
                0x000030c0                vClearInterruptMaskFromISR
 *fill*         0x000030c8        0x8 
 .text.xPortPendSVHandler
                0x000030d0       0x48 src/ASF/thirdparty/freertos/freertos-10.0.0/Source/portable/GCC/ARM_CM0/port.o
                0x000030d0                xPortPendSVHandler
 .text.xPortSysTickHandler
                0x00003118       0x40 src/ASF/thirdparty/freertos/freertos-10.0.0/Source/portable/GCC/ARM_CM0/port.o
                0x00003118                xPortSysTickHandler
 .text.prvSetupTimerInterrupt
                0x00003158       0x34 src/ASF/thirdparty/freertos/freertos-10.0.0/Source/portable/GCC/ARM_CM0/port.o
 .text.pvPortMalloc
                0x0000318c       0xa0 src/ASF/thirdparty/freertos/freertos-10.0.0/Source/portable/MemMang/heap_1.o
                0x0000318c                pvPortMalloc
 .text.vPortFree
                0x0000322c       0x1a src/ASF/thirdparty/freertos/freertos-10.0.0/Source/portable/MemMang/heap_1.o
                0x0000322c                vPortFree
 *fill*         0x00003246        0x2 
 .text.xQueueGenericReset
                0x00003248       0xbc src/ASF/thirdparty/freertos/freertos-10.0.0/Source/queue.o
                0x00003248                xQueueGenericReset
 .text.xQueueGenericCreate
                0x00003304       0x6c src/ASF/thirdparty/freertos/freertos-10.0.0/Source/queue.o
                0x00003304                xQueueGenericCreate
 .text.prvInitialiseNewQueue
                0x00003370       0x58 src/ASF/thirdparty/freertos/freertos-10.0.0/Source/queue.o
 .text.xQueueGenericSend
                0x000033c8      0x1e0 src/ASF/thirdparty/freertos/freertos-10.0.0/Source/queue.o
                0x000033c8                xQueueGenericSend
 .text.xQueueGenericSendFromISR
                0x000035a8      0x120 src/ASF/thirdparty/freertos/freertos-10.0.0/Source/queue.o
                0x000035a8                xQueueGenericSendFromISR
 .text.xQueueGiveFromISR
                0x000036c8      0x100 src/ASF/thirdparty/freertos/freertos-10.0.0/Source/queue.o
                0x000036c8                xQueueGiveFromISR
 .text.xQueueReceive
                0x000037c8      0x1a0 src/ASF/thirdparty/freertos/freertos-10.0.0/Source/queue.o
                0x000037c8                xQueueReceive
 .text.xQueueSemaphoreTake
                0x00003968      0x1f4 src/ASF/thirdparty/freertos/freertos-10.0.0/Source/queue.o
                0x00003968                xQueueSemaphoreTake
 .text.prvGetDisinheritPriorityAfterTimeout
                0x00003b5c       0x2c src/ASF/thirdparty/freertos/freertos-10.0.0/Source/queue.o
 .text.prvCopyDataToQueue
                0x00003b88       0xe0 src/ASF/thirdparty/freertos/freertos-10.0.0/Source/queue.o
 .text.prvCopyDataFromQueue
                0x00003c68       0x50 src/ASF/thirdparty/freertos/freertos-10.0.0/Source/queue.o
 .text.prvUnlockQueue
                0x00003cb8       0xf0 src/ASF/thirdparty/freertos/freertos-10.0.0/Source/queue.o
 .text.prvIsQueueEmpty
                0x00003da8       0x34 src/ASF/thirdparty/freertos/freertos-10.0.0/Source/queue.o
 .text.prvIsQueueFull
                0x00003ddc       0x38 src/ASF/thirdparty/freertos/freertos-10.0.0/Source/queue.o
 .text.vQueueAddToRegistry
                0x00003e14       0x50 src/ASF/thirdparty/freertos/freertos-10.0.0/Source/queue.o
                0x00003e14                vQueueAddToRegistry
 .text.vQueueWaitForMessageRestricted
                0x00003e64       0x78 src/ASF/thirdparty/freertos/freertos-10.0.0/Source/queue.o
                0x00003e64                vQueueWaitForMessageRestricted
 .text.prvNotifyQueueSetContainer
                0x00003edc       0xa4 src/ASF/thirdparty/freertos/freertos-10.0.0/Source/queue.o
 .text.xTaskCreate
                0x00003f80       0xa0 src/ASF/thirdparty/freertos/freertos-10.0.0/Source/tasks.o
                0x00003f80                xTaskCreate
 .text.prvInitialiseNewTask
                0x00004020      0x110 src/ASF/thirdparty/freertos/freertos-10.0.0/Source/tasks.o
 .text.prvAddNewTaskToReadyList
                0x00004130       0xe4 src/ASF/thirdparty/freertos/freertos-10.0.0/Source/tasks.o
 .text.vTaskDelay
                0x00004214       0x5c src/ASF/thirdparty/freertos/freertos-10.0.0/Source/tasks.o
                0x00004214                vTaskDelay
 .text.vTaskStartScheduler
                0x00004270       0x84 src/ASF/thirdparty/freertos/freertos-10.0.0/Source/tasks.o
                0x00004270                vTaskStartScheduler
 .text.vTaskSuspendAll
                0x000042f4       0x18 src/ASF/thirdparty/freertos/freertos-10.0.0/Source/tasks.o
                0x000042f4                vTaskSuspendAll
 .text.xTaskResumeAll
                0x0000430c      0x134 src/ASF/thirdparty/freertos/freertos-10.0.0/Source/tasks.o
                0x0000430c                xTaskResumeAll
 .text.xTaskGetTickCount
                0x00004440       0x1c src/ASF/thirdparty/freertos/freertos-10.0.0/Source/tasks.o
                0x00004440                xTaskGetTickCount
 .text.xTaskIncrementTick
                0x0000445c      0x188 src/ASF/thirdparty/freertos/freertos-10.0.0/Source/tasks.o
                0x0000445c                xTaskIncrementTick
 .text.vTaskSwitchContext
                0x000045e4       0xf8 src/ASF/thirdparty/freertos/freertos-10.0.0/Source/tasks.o
                0x000045e4                vTaskSwitchContext
 .text.vTaskPlaceOnEventList
                0x000046dc       0x44 src/ASF/thirdparty/freertos/freertos-10.0.0/Source/tasks.o
                0x000046dc                vTaskPlaceOnEventList
 .text.vTaskPlaceOnEventListRestricted
                0x00004720       0x54 src/ASF/thirdparty/freertos/freertos-10.0.0/Source/tasks.o
                0x00004720                vTaskPlaceOnEventListRestricted
 .text.xTaskRemoveFromEventList
                0x00004774       0xc0 src/ASF/thirdparty/freertos/freertos-10.0.0/Source/tasks.o
                0x00004774                xTaskRemoveFromEventList
 .text.vTaskInternalSetTimeOutState
                0x00004834       0x28 src/ASF/thirdparty/freertos/freertos-10.0.0/Source/tasks.o
                0x00004834                vTaskInternalSetTimeOutState
 .text.xTaskCheckForTimeOut
                0x0000485c       0xac src/ASF/thirdparty/freertos/freertos-10.0.0/Source/tasks.o
                0x0000485c                xTaskCheckForTimeOut
 .text.vTaskMissedYield
                0x00004908       0x14 src/ASF/thirdparty/freertos/freertos-10.0.0/Source/tasks.o
                0x00004908                vTaskMissedYield
 .text.prvIdleTask
                0x0000491c       0x28 src/ASF/thirdparty/freertos/freertos-10.0.0/Source/tasks.o
 .text.prvInitialiseTaskLists
                0x00004944       0x8c src/ASF/thirdparty/freertos/freertos-10.0.0/Source/tasks.o
 .text.prvCheckTasksWaitingTermination
                0x000049d0       0x6c src/ASF/thirdparty/freertos/freertos-10.0.0/Source/tasks.o
 .text.prvDeleteTCB
                0x00004a3c       0x28 src/ASF/thirdparty/freertos/freertos-10.0.0/Source/tasks.o
 .text.prvResetNextTaskUnblockTime
                0x00004a64       0x48 src/ASF/thirdparty/freertos/freertos-10.0.0/Source/tasks.o
 .text.xTaskGetSchedulerState
                0x00004aac       0x38 src/ASF/thirdparty/freertos/freertos-10.0.0/Source/tasks.o
                0x00004aac                xTaskGetSchedulerState
 .text.xTaskPriorityInherit
                0x00004ae4       0xe4 src/ASF/thirdparty/freertos/freertos-10.0.0/Source/tasks.o
                0x00004ae4                xTaskPriorityInherit
 .text.xTaskPriorityDisinherit
                0x00004bc8       0xc0 src/ASF/thirdparty/freertos/freertos-10.0.0/Source/tasks.o
                0x00004bc8                xTaskPriorityDisinherit
 .text.vTaskPriorityDisinheritAfterTimeout
                0x00004c88       0xf0 src/ASF/thirdparty/freertos/freertos-10.0.0/Source/tasks.o
                0x00004c88                vTaskPriorityDisinheritAfterTimeout
 .text.pvTaskIncrementMutexHeldCount
                0x00004d78       0x24 src/ASF/thirdparty/freertos/freertos-10.0.0/Source/tasks.o
                0x00004d78                pvTaskIncrementMutexHeldCount
 .text.ulTaskNotifyTake
                0x00004d9c       0x94 src/ASF/thirdparty/freertos/freertos-10.0.0/Source/tasks.o
                0x00004d9c                ulTaskNotifyTake
 .text.vTaskNotifyGiveFromISR
                0x00004e30      0x104 src/ASF/thirdparty/freertos/freertos-10.0.0/Source/tasks.o
                0x00004e30                vTaskNotifyGiveFromISR
 .text.prvAddCurrentTaskToDelayedList
                0x00004f34       0xb4 src/ASF/thirdparty/freertos/freertos-10.0.0/Source/tasks.o
 .text.xTimerCreateTimerTask
                0x00004fe8       0x5c src/ASF/thirdparty/freertos/freertos-10.0.0/Source/timers.o
                0x00004fe8                xTimerCreateTimerTask
 .text.xTimerGenericCommand
                0x00005044       0xa8 src/ASF/thirdparty/freertos/freertos-10.0.0/Source/timers.o
                0x00005044                xTimerGenericCommand
 .text.prvProcessExpiredTimer
                0x000050ec       0x7c src/ASF/thirdparty/freertos/freertos-10.0.0/Source/timers.o
 .text.prvTimerTask
                0x00005168       0x34 src/ASF/thirdparty/freertos/freertos-10.0.0/Source/timers.o
 .text.prvProcessTimerOrBlockTask
                0x0000519c       0xa4 src/ASF/thirdparty/freertos/freertos-10.0.0/Source/timers.o
 .text.prvGetNextExpireTime
                0x00005240       0x40 src/ASF/thirdparty/freertos/freertos-10.0.0/Source/timers.o
 .text.prvSampleTimeNow
                0x00005280       0x48 src/ASF/thirdparty/freertos/freertos-10.0.0/Source/timers.o
 .text.prvInsertTimerInActiveList
                0x000052c8       0x88 src/ASF/thirdparty/freertos/freertos-10.0.0/Source/timers.o
 .text.prvProcessReceivedCommands
                0x00005350      0x144 src/ASF/thirdparty/freertos/freertos-10.0.0/Source/timers.o
 .text.prvSwitchTimerLists
                0x00005494       0xc0 src/ASF/thirdparty/freertos/freertos-10.0.0/Source/timers.o
 .text.prvCheckForValidListAndQueue
                0x00005554       0x88 src/ASF/thirdparty/freertos/freertos-10.0.0/Source/timers.o
 .text.system_pinmux_get_config_defaults
                0x000055dc       0x28 src/main-blinky.o
 .text.can_get_config_defaults
                0x00005604       0xbc src/main-blinky.o
 .text.can_rx_get_fifo_status
                0x000056c0       0x36 src/main-blinky.o
 .text.can_tx_get_fifo_queue_status
                0x000056f6       0x18 src/main-blinky.o
 .text.can_tx_transfer_request
                0x0000570e       0x2e src/main-blinky.o
 .text.can_get_tx_buffer_element_defaults
                0x0000573c       0x1e src/main-blinky.o
 .text.can_enable_interrupt
                0x0000575a       0x22 src/main-blinky.o
 .text.can_read_interrupt_status
                0x0000577c       0x16 src/main-blinky.o
 .text.can_clear_interrupt_status
                0x00005792       0x1a src/main-blinky.o
 .text.system_interrupt_enable
                0x000057ac       0x2c src/main-blinky.o
 .text.main_blinky
                0x000057d8       0x18 src/main-blinky.o
                0x000057d8                main_blinky
 .text.do_can_pinmux
                0x000057f0       0x40 src/main-blinky.o
 .text.do_can_init
                0x00005830       0xc4 src/main-blinky.o
 .text.can_rx_task
                0x000058f4      0x128 src/main-blinky.o
 .text.CAN0_Handler
                0x00005a1c       0xe0 src/main-blinky.o
                0x00005a1c                CAN0_Handler
 .text.can_send
                0x00005afc      0x134 src/main-blinky.o
                0x00005afc                can_send
 .text.do_send_loop
                0x00005c30      0x134 src/main-blinky.o
                0x00005c30                do_send_loop
 .text.do_help  0x00005d64       0x74 src/main-blinky.o
                0x00005d64                do_help
 .text.do_baud  0x00005dd8       0x80 src/main-blinky.o
                0x00005dd8                do_baud
 .text.do_start_reader
                0x00005e58       0x58 src/main-blinky.o
                0x00005e58                do_start_reader
 .text.do_xreader
                0x00005eb0       0x24 src/main-blinky.o
                0x00005eb0                do_xreader
 .text.dispatch_cmd
                0x00005ed4       0xb8 src/main-blinky.o
                0x00005ed4                dispatch_cmd
 .text.system_pinmux_get_group_from_gpio_pin
                0x00005f8c       0x5e src/main.o
 *fill*         0x00005fea        0x2 
 .text.port_get_group_from_gpio_pin
                0x00005fec       0x24 src/main.o
 .text.port_pin_toggle_output_level
                0x00006010       0x3c src/main.o
 .text.main     0x0000604c       0x2c src/main.o
                0x0000604c                main
 .text.prvSetupHardware
                0x00006078       0x14 src/main.o
 .text.vApplicationMallocFailedHook
                0x0000608c        0x8 src/main.o
                0x0000608c                vApplicationMallocFailedHook
 .text.vApplicationStackOverflowHook
                0x00006094        0xe src/main.o
                0x00006094                vApplicationStackOverflowHook
 *fill*         0x000060a2        0x2 
 .text.vApplicationTickHook
                0x000060a4       0x30 src/main.o
                0x000060a4                vApplicationTickHook
 .text.cpu_irq_enter_critical
                0x000060d4       0x54 src/ASF/common/utils/interrupt/interrupt_sam_nvic.o
                0x000060d4                cpu_irq_enter_critical
 .text.cpu_irq_leave_critical
                0x00006128       0x40 src/ASF/common/utils/interrupt/interrupt_sam_nvic.o
                0x00006128                cpu_irq_leave_critical
 .text.system_pinmux_get_group_from_gpio_pin
                0x00006168       0x5e src/ASF/sam0/boards/samc21_xplained_pro/board_init.o
 *fill*         0x000061c6        0x2 
 .text.port_get_group_from_gpio_pin
                0x000061c8       0x24 src/ASF/sam0/boards/samc21_xplained_pro/board_init.o
 .text.port_get_config_defaults
                0x000061ec       0x22 src/ASF/sam0/boards/samc21_xplained_pro/board_init.o
 *fill*         0x0000620e        0x2 
 .text.port_pin_set_output_level
                0x00006210       0x54 src/ASF/sam0/boards/samc21_xplained_pro/board_init.o
 .text.system_board_init
                0x00006264       0x50 src/ASF/sam0/boards/samc21_xplained_pro/board_init.o
                0x00006264                board_init
                0x00006264                system_board_init
 .text.system_pinmux_get_config_defaults
                0x000062b4       0x28 src/ASF/sam0/drivers/port/port.o
 .text.port_pin_set_config
                0x000062dc       0x60 src/ASF/sam0/drivers/port/port.o
                0x000062dc                port_pin_set_config
 .text.system_apb_clock_set_mask
                0x0000633c       0x5c src/ASF/sam0/drivers/system/clock/clock_samc20_c21/gclk.o
 .text.system_interrupt_enter_critical_section
                0x00006398       0x14 src/ASF/sam0/drivers/system/clock/clock_samc20_c21/gclk.o
 .text.system_interrupt_leave_critical_section
                0x000063ac       0x14 src/ASF/sam0/drivers/system/clock/clock_samc20_c21/gclk.o
 .text.system_gclk_is_syncing
                0x000063c0       0x3c src/ASF/sam0/drivers/system/clock/clock_samc20_c21/gclk.o
 .text.system_gclk_init
                0x000063fc       0x30 src/ASF/sam0/drivers/system/clock/clock_samc20_c21/gclk.o
                0x000063fc                system_gclk_init
 .text.system_gclk_gen_set_config
                0x0000642c      0x110 src/ASF/sam0/drivers/system/clock/clock_samc20_c21/gclk.o
                0x0000642c                system_gclk_gen_set_config
 .text.system_gclk_gen_enable
                0x0000653c       0x5c src/ASF/sam0/drivers/system/clock/clock_samc20_c21/gclk.o
                0x0000653c                system_gclk_gen_enable
 .text.system_gclk_gen_get_hz
                0x00006598       0xc0 src/ASF/sam0/drivers/system/clock/clock_samc20_c21/gclk.o
                0x00006598                system_gclk_gen_get_hz
 .text.system_gclk_chan_set_config
                0x00006658       0x40 src/ASF/sam0/drivers/system/clock/clock_samc20_c21/gclk.o
                0x00006658                system_gclk_chan_set_config
 .text.system_gclk_chan_enable
                0x00006698       0x58 src/ASF/sam0/drivers/system/clock/clock_samc20_c21/gclk.o
                0x00006698                system_gclk_chan_enable
 .text.system_gclk_chan_disable
                0x000066f0       0x58 src/ASF/sam0/drivers/system/clock/clock_samc20_c21/gclk.o
                0x000066f0                system_gclk_chan_disable
 .text.system_gclk_chan_get_hz
                0x00006748       0x54 src/ASF/sam0/drivers/system/clock/clock_samc20_c21/gclk.o
                0x00006748                system_gclk_chan_get_hz
 .text.system_pinmux_get_group_from_gpio_pin
                0x0000679c       0x5e src/ASF/sam0/drivers/system/pinmux/pinmux.o
 *fill*         0x000067fa        0x2 
 .text._system_pinmux_config
                0x000067fc      0x110 src/ASF/sam0/drivers/system/pinmux/pinmux.o
 .text.system_pinmux_pin_set_config
                0x0000690c       0x48 src/ASF/sam0/drivers/system/pinmux/pinmux.o
                0x0000690c                system_pinmux_pin_set_config
 .text.Reset_Handler
                0x00006954       0x84 src/ASF/sam0/utils/cmsis/samc21/source/gcc/startup_samc21.o
                0x00006954                Reset_Handler
 .text.Dummy_Handler
                0x000069d8        0x6 src/ASF/sam0/utils/cmsis/samc21/source/gcc/startup_samc21.o
                0x000069d8                DMAC_Handler
                0x000069d8                HardFault_Handler
                0x000069d8                TC2_Handler
                0x000069d8                AC_Handler
                0x000069d8                PendSV_Handler
                0x000069d8                NMI_Handler
                0x000069d8                TCC1_Handler
                0x000069d8                TCC0_Handler
                0x000069d8                RTC_Handler
                0x000069d8                ADC1_Handler
                0x000069d8                EIC_Handler
                0x000069d8                WDT_Handler
                0x000069d8                TC4_Handler
                0x000069d8                TC1_Handler
                0x000069d8                TC3_Handler
                0x000069d8                SDADC_Handler
                0x000069d8                Dummy_Handler
                0x000069d8                CAN1_Handler
                0x000069d8                ADC0_Handler
                0x000069d8                TSENS_Handler
                0x000069d8                SVC_Handler
                0x000069d8                TCC2_Handler
                0x000069d8                EVSYS_Handler
                0x000069d8                NVMCTRL_Handler
                0x000069d8                SYSTEM_Handler
                0x000069d8                DAC_Handler
                0x000069d8                PTC_Handler
                0x000069d8                FREQM_Handler
                0x000069d8                TC0_Handler
 *fill*         0x000069de        0x2 
 .text._sbrk    0x000069e0       0x3c src/ASF/sam0/utils/syscalls/gcc/syscalls.o
                0x000069e0                _sbrk
 .text          0x00006a1c      0x114 c:/program files (x86)/atmel/studio/7.0/toolchain/arm/arm-gnu-toolchain/bin/../lib/gcc/arm-none-eabi/6.3.1/thumb/v6-m\libgcc.a(_udivsi3.o)
                0x00006a1c                __aeabi_uidiv
                0x00006a1c                __udivsi3
                0x00006b28                __aeabi_uidivmod
 .text          0x00006b30        0x4 c:/program files (x86)/atmel/studio/7.0/toolchain/arm/arm-gnu-toolchain/bin/../lib/gcc/arm-none-eabi/6.3.1/thumb/v6-m\libgcc.a(_dvmd_tls.o)
                0x00006b30                __aeabi_idiv0
                0x00006b30                __aeabi_ldiv0
 .text          0x00006b34       0x54 c:/program files (x86)/atmel/studio/7.0/toolchain/arm/arm-gnu-toolchain/bin/../lib/gcc/arm-none-eabi/6.3.1/thumb/v6-m\libgcc.a(_muldi3.o)
                0x00006b34                __muldi3
                0x00006b34                __aeabi_lmul
 .text.atoi     0x00006b88        0xc c:/program files (x86)/atmel/studio/7.0/toolchain/arm/arm-gnu-toolchain/bin/../lib/gcc/arm-none-eabi/6.3.1/../../../../arm-none-eabi/lib/thumb/v6-m\libc_nano.a(lib_a-atoi.o)
                0x00006b88                atoi
 .text.__libc_init_array
                0x00006b94       0x48 c:/program files (x86)/atmel/studio/7.0/toolchain/arm/arm-gnu-toolchain/bin/../lib/gcc/arm-none-eabi/6.3.1/../../../../arm-none-eabi/lib/thumb/v6-m\libc_nano.a(lib_a-init.o)
                0x00006b94                __libc_init_array
 .text.__locale_ctype_ptr_l
                0x00006bdc        0x6 c:/program files (x86)/atmel/studio/7.0/toolchain/arm/arm-gnu-toolchain/bin/../lib/gcc/arm-none-eabi/6.3.1/../../../../arm-none-eabi/lib/thumb/v6-m\libc_nano.a(lib_a-locale.o)
                0x00006bdc                __locale_ctype_ptr_l
 *fill*         0x00006be2        0x2 
 .text.__locale_ctype_ptr
                0x00006be4       0x1c c:/program files (x86)/atmel/studio/7.0/toolchain/arm/arm-gnu-toolchain/bin/../lib/gcc/arm-none-eabi/6.3.1/../../../../arm-none-eabi/lib/thumb/v6-m\libc_nano.a(lib_a-locale.o)
                0x00006be4                __locale_ctype_ptr
 .text.__ascii_mbtowc
                0x00006c00       0x24 c:/program files (x86)/atmel/studio/7.0/toolchain/arm/arm-gnu-toolchain/bin/../lib/gcc/arm-none-eabi/6.3.1/../../../../arm-none-eabi/lib/thumb/v6-m\libc_nano.a(lib_a-mbtowc_r.o)
                0x00006c00                __ascii_mbtowc
 .text.memcpy   0x00006c24       0x12 c:/program files (x86)/atmel/studio/7.0/toolchain/arm/arm-gnu-toolchain/bin/../lib/gcc/arm-none-eabi/6.3.1/../../../../arm-none-eabi/lib/thumb/v6-m\libc_nano.a(lib_a-memcpy-stub.o)
                0x00006c24                memcpy
 .text.memset   0x00006c36       0x10 c:/program files (x86)/atmel/studio/7.0/toolchain/arm/arm-gnu-toolchain/bin/../lib/gcc/arm-none-eabi/6.3.1/../../../../arm-none-eabi/lib/thumb/v6-m\libc_nano.a(lib_a-memset.o)
                0x00006c36                memset
 .text          0x00006c46       0x14 c:/program files (x86)/atmel/studio/7.0/toolchain/arm/arm-gnu-toolchain/bin/../lib/gcc/arm-none-eabi/6.3.1/../../../../arm-none-eabi/lib/thumb/v6-m\libc_nano.a(lib_a-strcmp.o)
                0x00006c46                strcmp
 .text.strcpy   0x00006c5a       0x10 c:/program files (x86)/atmel/studio/7.0/toolchain/arm/arm-gnu-toolchain/bin/../lib/gcc/arm-none-eabi/6.3.1/../../../../arm-none-eabi/lib/thumb/v6-m\libc_nano.a(lib_a-strcpy.o)
                0x00006c5a                strcpy
 .text          0x00006c6a        0xe c:/program files (x86)/atmel/studio/7.0/toolchain/arm/arm-gnu-toolchain/bin/../lib/gcc/arm-none-eabi/6.3.1/../../../../arm-none-eabi/lib/thumb/v6-m\libc_nano.a(lib_a-strlen.o)
                0x00006c6a                strlen
 .text.strtok   0x00006c78       0x50 c:/program files (x86)/atmel/studio/7.0/toolchain/arm/arm-gnu-toolchain/bin/../lib/gcc/arm-none-eabi/6.3.1/../../../../arm-none-eabi/lib/thumb/v6-m\libc_nano.a(lib_a-strtok.o)
                0x00006c78                strtok
 .text.__strtok_r
                0x00006cc8       0x5c c:/program files (x86)/atmel/studio/7.0/toolchain/arm/arm-gnu-toolchain/bin/../lib/gcc/arm-none-eabi/6.3.1/../../../../arm-none-eabi/lib/thumb/v6-m\libc_nano.a(lib_a-strtok_r.o)
                0x00006cc8                __strtok_r
 .text._strtol_l.isra.0
                0x00006d24      0x10c c:/program files (x86)/atmel/studio/7.0/toolchain/arm/arm-gnu-toolchain/bin/../lib/gcc/arm-none-eabi/6.3.1/../../../../arm-none-eabi/lib/thumb/v6-m\libc_nano.a(lib_a-strtol.o)
 .text.strtol   0x00006e30       0x28 c:/program files (x86)/atmel/studio/7.0/toolchain/arm/arm-gnu-toolchain/bin/../lib/gcc/arm-none-eabi/6.3.1/../../../../arm-none-eabi/lib/thumb/v6-m\libc_nano.a(lib_a-strtol.o)
                0x00006e30                strtol
 .text.__ascii_wctomb
                0x00006e58       0x18 c:/program files (x86)/atmel/studio/7.0/toolchain/arm/arm-gnu-toolchain/bin/../lib/gcc/arm-none-eabi/6.3.1/../../../../arm-none-eabi/lib/thumb/v6-m\libc_nano.a(lib_a-wctomb_r.o)
                0x00006e58                __ascii_wctomb
 .text.malloc   0x00006e70       0x14 c:/program files (x86)/atmel/studio/7.0/toolchain/arm/arm-gnu-toolchain/bin/../lib/gcc/arm-none-eabi/6.3.1/../../../../arm-none-eabi/lib/thumb/v6-m\libc_nano.a(lib_a-malloc.o)
                0x00006e70                malloc
 .text._malloc_r
                0x00006e84       0xbc c:/program files (x86)/atmel/studio/7.0/toolchain/arm/arm-gnu-toolchain/bin/../lib/gcc/arm-none-eabi/6.3.1/../../../../arm-none-eabi/lib/thumb/v6-m\libc_nano.a(lib_a-nano-mallocr.o)
                0x00006e84                _malloc_r
 .text._sbrk_r  0x00006f40       0x24 c:/program files (x86)/atmel/studio/7.0/toolchain/arm/arm-gnu-toolchain/bin/../lib/gcc/arm-none-eabi/6.3.1/../../../../arm-none-eabi/lib/thumb/v6-m\libc_nano.a(lib_a-sbrkr.o)
                0x00006f40                _sbrk_r
 .text.__malloc_lock
                0x00006f64        0x2 c:/program files (x86)/atmel/studio/7.0/toolchain/arm/arm-gnu-toolchain/bin/../lib/gcc/arm-none-eabi/6.3.1/../../../../arm-none-eabi/lib/thumb/v6-m\libc_nano.a(lib_a-mlock.o)
                0x00006f64                __malloc_lock
 .text.__malloc_unlock
                0x00006f66        0x2 c:/program files (x86)/atmel/studio/7.0/toolchain/arm/arm-gnu-toolchain/bin/../lib/gcc/arm-none-eabi/6.3.1/../../../../arm-none-eabi/lib/thumb/v6-m\libc_nano.a(lib_a-mlock.o)
                0x00006f66                __malloc_unlock
 *(.glue_7t)
 .glue_7t       0x00006f68        0x0 linker stubs
 *(.glue_7)
 .glue_7        0x00006f68        0x0 linker stubs
 *(.rodata .rodata* .gnu.linkonce.r.*)
 .rodata        0x00006f68      0x268 src/cli.o
 .rodata.cli    0x000071d0       0xb0 src/cli.o
 .rodata.get_command
                0x00007280       0x20 src/cli.o
 .rodata        0x000072a0       0x60 src/UARTCommandConsole.o
 .rodata        0x00007300       0x18 src/ASF/sam0/drivers/sercom/sercom.o
 .rodata        0x00007318        0x6 src/ASF/sam0/drivers/sercom/sercom_interrupt.o
 *fill*         0x0000731e        0x2 
 .rodata.system_clock_source_get_hz
                0x00007320       0x20 src/ASF/sam0/drivers/system/clock/clock_samc20_c21/clock.o
 .rodata        0x00007340       0x17 src/ASF/thirdparty/freertos/freertos-10.0.0/Source/tasks.o
 *fill*         0x00007357        0x1 
 .rodata        0x00007358        0xd src/ASF/thirdparty/freertos/freertos-10.0.0/Source/timers.o
 *fill*         0x00007365        0x3 
 .rodata.prvProcessReceivedCommands
                0x00007368       0x28 src/ASF/thirdparty/freertos/freertos-10.0.0/Source/timers.o
 .rodata        0x00007390      0x197 src/main-blinky.o
 *fill*         0x00007527        0x1 
 .rodata.dispatch_cmd
                0x00007528       0x30 src/main-blinky.o
 .rodata._setlocale_r.str1.1
                0x00007558        0x8 c:/program files (x86)/atmel/studio/7.0/toolchain/arm/arm-gnu-toolchain/bin/../lib/gcc/arm-none-eabi/6.3.1/../../../../arm-none-eabi/lib/thumb/v6-m\libc_nano.a(lib_a-locale.o)
                                  0x9 (size before relaxing)
 .rodata.str1.1
                0x00007560        0x2 c:/program files (x86)/atmel/studio/7.0/toolchain/arm/arm-gnu-toolchain/bin/../lib/gcc/arm-none-eabi/6.3.1/../../../../arm-none-eabi/lib/thumb/v6-m\libc_nano.a(lib_a-locale.o)
 .rodata._ctype_
                0x00007562      0x101 c:/program files (x86)/atmel/studio/7.0/toolchain/arm/arm-gnu-toolchain/bin/../lib/gcc/arm-none-eabi/6.3.1/../../../../arm-none-eabi/lib/thumb/v6-m\libc_nano.a(lib_a-ctype_.o)
                0x00007562                _ctype_
 *(.ARM.extab* .gnu.linkonce.armextab.*)
                0x00007664                . = ALIGN (0x4)
 *fill*         0x00007663        0x1 
 *(.init)
 .init          0x00007664        0x4 c:/program files (x86)/atmel/studio/7.0/toolchain/arm/arm-gnu-toolchain/bin/../lib/gcc/arm-none-eabi/6.3.1/thumb/v6-m/crti.o
                0x00007664                _init
 .init          0x00007668        0x8 c:/program files (x86)/atmel/studio/7.0/toolchain/arm/arm-gnu-toolchain/bin/../lib/gcc/arm-none-eabi/6.3.1/thumb/v6-m/crtn.o
                0x00007670                . = ALIGN (0x4)
                0x00007670                __preinit_array_start = .
 *(.preinit_array)
                0x00007670                __preinit_array_end = .
                0x00007670                . = ALIGN (0x4)
                0x00007670                __init_array_start = .
 *(SORT(.init_array.*))
 *(.init_array)
 .init_array    0x00007670        0x4 c:/program files (x86)/atmel/studio/7.0/toolchain/arm/arm-gnu-toolchain/bin/../lib/gcc/arm-none-eabi/6.3.1/thumb/v6-m/crtbegin.o
                0x00007674                __init_array_end = .
                0x00007674                . = ALIGN (0x4)
 *crtbegin.o(.ctors)
 *(EXCLUDE_FILE(*crtend.o) .ctors)
 *(SORT(.ctors.*))
 *crtend.o(.ctors)
                0x00007674                . = ALIGN (0x4)
 *(.fini)
 .fini          0x00007674        0x4 c:/program files (x86)/atmel/studio/7.0/toolchain/arm/arm-gnu-toolchain/bin/../lib/gcc/arm-none-eabi/6.3.1/thumb/v6-m/crti.o
                0x00007674                _fini
 .fini          0x00007678        0x8 c:/program files (x86)/atmel/studio/7.0/toolchain/arm/arm-gnu-toolchain/bin/../lib/gcc/arm-none-eabi/6.3.1/thumb/v6-m/crtn.o
                0x00007680                . = ALIGN (0x4)
                0x00007680                __fini_array_start = .
 *(.fini_array)
 .fini_array    0x00007680        0x4 c:/program files (x86)/atmel/studio/7.0/toolchain/arm/arm-gnu-toolchain/bin/../lib/gcc/arm-none-eabi/6.3.1/thumb/v6-m/crtbegin.o
 *(SORT(.fini_array.*))
                0x00007684                __fini_array_end = .
 *crtbegin.o(.dtors)
 *(EXCLUDE_FILE(*crtend.o) .dtors)
 *(SORT(.dtors.*))
 *crtend.o(.dtors)
                0x00007684                . = ALIGN (0x4)
                0x00007684                _efixed = .
                [!provide]                PROVIDE (__exidx_start, .)

.vfp11_veneer   0x00007684        0x0
 .vfp11_veneer  0x00007684        0x0 linker stubs

.v4_bx          0x00007684        0x0
 .v4_bx         0x00007684        0x0 linker stubs

.iplt           0x00007684        0x0
 .iplt          0x00007684        0x0 c:/program files (x86)/atmel/studio/7.0/toolchain/arm/arm-gnu-toolchain/bin/../lib/gcc/arm-none-eabi/6.3.1/thumb/v6-m/crtbegin.o

.eh_frame       0x00007684        0x0
 .eh_frame      0x00007684        0x0 c:/program files (x86)/atmel/studio/7.0/toolchain/arm/arm-gnu-toolchain/bin/../lib/gcc/arm-none-eabi/6.3.1/thumb/v6-m/crtbegin.o

.rel.dyn        0x00007684        0x0
 .rel.iplt      0x00007684        0x0 c:/program files (x86)/atmel/studio/7.0/toolchain/arm/arm-gnu-toolchain/bin/../lib/gcc/arm-none-eabi/6.3.1/thumb/v6-m/crtbegin.o

.jcr            0x00007684        0x0
 .jcr           0x00007684        0x0 c:/program files (x86)/atmel/studio/7.0/toolchain/arm/arm-gnu-toolchain/bin/../lib/gcc/arm-none-eabi/6.3.1/thumb/v6-m/crtbegin.o

.igot.plt       0x00007684        0x0
 .igot.plt      0x00007684        0x0 c:/program files (x86)/atmel/studio/7.0/toolchain/arm/arm-gnu-toolchain/bin/../lib/gcc/arm-none-eabi/6.3.1/thumb/v6-m/crtbegin.o

.ARM.exidx
 *(.ARM.exidx* .gnu.linkonce.armexidx.*)
                [!provide]                PROVIDE (__exidx_end, .)
                0x00007684                . = ALIGN (0x4)
                0x00007684                _etext = .

.relocate       0x20000000      0x1e4 load address 0x00007684
                0x20000000                . = ALIGN (0x4)
                0x20000000                _srelocate = .
 *(.ramfunc .ramfunc.*)
 *(.data .data.*)
 .data.ws2      0x20000000        0x4 src/cli.o
                0x20000000                ws2
 .data.uxCriticalNesting
                0x20000004        0x4 src/ASF/thirdparty/freertos/freertos-10.0.0/Source/portable/GCC/ARM_CM0/port.o
 .data.verbose_rx_dump
                0x20000008        0x4 src/main-blinky.o
 .data.pCAN     0x2000000c        0x4 src/main-blinky.o
                0x2000000c                pCAN
 .data.g_interrupt_enabled
                0x20000010        0x1 src/ASF/common/utils/interrupt/interrupt_sam_nvic.o
                0x20000010                g_interrupt_enabled
 *fill*         0x20000011        0x3 
 .data._impure_ptr
                0x20000014        0x4 c:/program files (x86)/atmel/studio/7.0/toolchain/arm/arm-gnu-toolchain/bin/../lib/gcc/arm-none-eabi/6.3.1/../../../../arm-none-eabi/lib/thumb/v6-m\libc_nano.a(lib_a-impure.o)
                0x20000014                _impure_ptr
 .data.impure_data
                0x20000018       0x60 c:/program files (x86)/atmel/studio/7.0/toolchain/arm/arm-gnu-toolchain/bin/../lib/gcc/arm-none-eabi/6.3.1/../../../../arm-none-eabi/lib/thumb/v6-m\libc_nano.a(lib_a-impure.o)
 .data.__global_locale
                0x20000078      0x16c c:/program files (x86)/atmel/studio/7.0/toolchain/arm/arm-gnu-toolchain/bin/../lib/gcc/arm-none-eabi/6.3.1/../../../../arm-none-eabi/lib/thumb/v6-m\libc_nano.a(lib_a-locale.o)
                0x20000078                __global_locale
                0x200001e4                . = ALIGN (0x4)
                0x200001e4                _erelocate = .

.bss            0x200001e4     0x31b0 load address 0x00007868
                0x200001e4                . = ALIGN (0x4)
                0x200001e4                _sbss = .
                0x200001e4                _szero = .
 *(.bss .bss.*)
 .bss           0x200001e4       0x1c c:/program files (x86)/atmel/studio/7.0/toolchain/arm/arm-gnu-toolchain/bin/../lib/gcc/arm-none-eabi/6.3.1/thumb/v6-m/crtbegin.o
 .bss.can0_rx_buffer
                0x20000200        0x0 src/ASF/sam0/drivers/can/can.o
 .bss.can0_rx_fifo_0
                0x20000200      0x100 src/ASF/sam0/drivers/can/can.o
 .bss.can0_rx_fifo_1
                0x20000300      0x100 src/ASF/sam0/drivers/can/can.o
 .bss.can0_tx_buffer
                0x20000400       0x40 src/ASF/sam0/drivers/can/can.o
 .bss.can0_tx_event_fifo
                0x20000440       0x40 src/ASF/sam0/drivers/can/can.o
 .bss.can0_rx_standard_filter
                0x20000480       0x14 src/ASF/sam0/drivers/can/can.o
 .bss.can0_rx_extended_filter
                0x20000494       0x50 src/ASF/sam0/drivers/can/can.o
 .bss.can1_rx_buffer
                0x200004e4      0x100 src/ASF/sam0/drivers/can/can.o
 .bss.can1_rx_fifo_0
                0x200005e4      0x100 src/ASF/sam0/drivers/can/can.o
 .bss.can1_rx_fifo_1
                0x200006e4      0x100 src/ASF/sam0/drivers/can/can.o
 .bss.can1_tx_buffer
                0x200007e4       0x80 src/ASF/sam0/drivers/can/can.o
 .bss.can1_tx_event_fifo
                0x20000864       0x40 src/ASF/sam0/drivers/can/can.o
 .bss.can1_rx_standard_filter
                0x200008a4        0x4 src/ASF/sam0/drivers/can/can.o
 .bss.can1_rx_extended_filter
                0x200008a8        0x8 src/ASF/sam0/drivers/can/can.o
 .bss.xTxCompleteSemaphore
                0x200008b0        0x4 src/UARTCommandConsole.o
 .bss.xRxCompleteSemaphore
                0x200008b4        0x4 src/UARTCommandConsole.o
 .bss.xCDCUsart
                0x200008b8       0x34 src/UARTCommandConsole.o
 .bss.outbuf    0x200008ec       0x14 src/UARTCommandConsole.o
 .bss.cInputString.15372
                0x20000900       0x32 src/UARTCommandConsole.o
 *fill*         0x20000932        0x2 
 .bss.cLastInputString.15373
                0x20000934       0x32 src/UARTCommandConsole.o
 *fill*         0x20000966        0x2 
 .bss._sercom_config
                0x20000968        0x2 src/ASF/sam0/drivers/sercom/sercom.o
 .bss._handler_table_initialized
                0x2000096a        0x1 src/ASF/sam0/drivers/sercom/sercom_interrupt.o
 *fill*         0x2000096b        0x1 
 .bss._sercom_interrupt_handlers
                0x2000096c       0x18 src/ASF/sam0/drivers/sercom/sercom_interrupt.o
 .bss._system_clock_inst
                0x20000984        0xc src/ASF/sam0/drivers/system/clock/clock_samc20_c21/clock.o
 .bss.ucHeap    0x20000990     0x2800 src/ASF/thirdparty/freertos/freertos-10.0.0/Source/portable/MemMang/heap_1.o
 .bss.xNextFreeByte
                0x20003190        0x4 src/ASF/thirdparty/freertos/freertos-10.0.0/Source/portable/MemMang/heap_1.o
 .bss.pucAlignedHeap.13527
                0x20003194        0x4 src/ASF/thirdparty/freertos/freertos-10.0.0/Source/portable/MemMang/heap_1.o
 .bss.pxCurrentTCB
                0x20003198        0x4 src/ASF/thirdparty/freertos/freertos-10.0.0/Source/tasks.o
                0x20003198                pxCurrentTCB
 .bss.pxReadyTasksLists
                0x2000319c       0x64 src/ASF/thirdparty/freertos/freertos-10.0.0/Source/tasks.o
 .bss.xDelayedTaskList1
                0x20003200       0x14 src/ASF/thirdparty/freertos/freertos-10.0.0/Source/tasks.o
 .bss.xDelayedTaskList2
                0x20003214       0x14 src/ASF/thirdparty/freertos/freertos-10.0.0/Source/tasks.o
 .bss.pxDelayedTaskList
                0x20003228        0x4 src/ASF/thirdparty/freertos/freertos-10.0.0/Source/tasks.o
 .bss.pxOverflowDelayedTaskList
                0x2000322c        0x4 src/ASF/thirdparty/freertos/freertos-10.0.0/Source/tasks.o
 .bss.xPendingReadyList
                0x20003230       0x14 src/ASF/thirdparty/freertos/freertos-10.0.0/Source/tasks.o
 .bss.xTasksWaitingTermination
                0x20003244       0x14 src/ASF/thirdparty/freertos/freertos-10.0.0/Source/tasks.o
 .bss.uxDeletedTasksWaitingCleanUp
                0x20003258        0x4 src/ASF/thirdparty/freertos/freertos-10.0.0/Source/tasks.o
 .bss.xSuspendedTaskList
                0x2000325c       0x14 src/ASF/thirdparty/freertos/freertos-10.0.0/Source/tasks.o
 .bss.uxCurrentNumberOfTasks
                0x20003270        0x4 src/ASF/thirdparty/freertos/freertos-10.0.0/Source/tasks.o
 .bss.xTickCount
                0x20003274        0x4 src/ASF/thirdparty/freertos/freertos-10.0.0/Source/tasks.o
 .bss.uxTopReadyPriority
                0x20003278        0x4 src/ASF/thirdparty/freertos/freertos-10.0.0/Source/tasks.o
 .bss.xSchedulerRunning
                0x2000327c        0x4 src/ASF/thirdparty/freertos/freertos-10.0.0/Source/tasks.o
 .bss.uxPendedTicks
                0x20003280        0x4 src/ASF/thirdparty/freertos/freertos-10.0.0/Source/tasks.o
 .bss.xYieldPending
                0x20003284        0x4 src/ASF/thirdparty/freertos/freertos-10.0.0/Source/tasks.o
 .bss.xNumOfOverflows
                0x20003288        0x4 src/ASF/thirdparty/freertos/freertos-10.0.0/Source/tasks.o
 .bss.uxTaskNumber
                0x2000328c        0x4 src/ASF/thirdparty/freertos/freertos-10.0.0/Source/tasks.o
 .bss.xNextTaskUnblockTime
                0x20003290        0x4 src/ASF/thirdparty/freertos/freertos-10.0.0/Source/tasks.o
 .bss.xIdleTaskHandle
                0x20003294        0x4 src/ASF/thirdparty/freertos/freertos-10.0.0/Source/tasks.o
 .bss.uxSchedulerSuspended
                0x20003298        0x4 src/ASF/thirdparty/freertos/freertos-10.0.0/Source/tasks.o
 .bss.xActiveTimerList1
                0x2000329c       0x14 src/ASF/thirdparty/freertos/freertos-10.0.0/Source/timers.o
 .bss.xActiveTimerList2
                0x200032b0       0x14 src/ASF/thirdparty/freertos/freertos-10.0.0/Source/timers.o
 .bss.pxCurrentTimerList
                0x200032c4        0x4 src/ASF/thirdparty/freertos/freertos-10.0.0/Source/timers.o
 .bss.pxOverflowTimerList
                0x200032c8        0x4 src/ASF/thirdparty/freertos/freertos-10.0.0/Source/timers.o
 .bss.xTimerQueue
                0x200032cc        0x4 src/ASF/thirdparty/freertos/freertos-10.0.0/Source/timers.o
 .bss.xTimerTaskHandle
                0x200032d0        0x4 src/ASF/thirdparty/freertos/freertos-10.0.0/Source/timers.o
 .bss.xLastTime.13833
                0x200032d4        0x4 src/ASF/thirdparty/freertos/freertos-10.0.0/Source/timers.o
 .bss.can_rx_count
                0x200032d8        0x4 src/main-blinky.o
 .bss.can_tx_count
                0x200032dc        0x4 src/main-blinky.o
 .bss.rxTaskHandle
                0x200032e0        0x4 src/main-blinky.o
                0x200032e0                rxTaskHandle
 .bss.have_reader
                0x200032e4        0x4 src/main-blinky.o
                0x200032e4                have_reader
 .bss.can_instance
                0x200032e8        0x4 src/main-blinky.o
 .bss.heartbeat
                0x200032ec        0x4 src/main.o
 .bss.cpu_irq_critical_section_counter
                0x200032f0        0x4 src/ASF/common/utils/interrupt/interrupt_sam_nvic.o
 .bss.cpu_irq_prev_interrupt_state
                0x200032f4        0x1 src/ASF/common/utils/interrupt/interrupt_sam_nvic.o
 *fill*         0x200032f5        0x3 
 .bss.heap.5296
                0x200032f8        0x4 src/ASF/sam0/utils/syscalls/gcc/syscalls.o
 .bss.__malloc_free_list
                0x200032fc        0x4 c:/program files (x86)/atmel/studio/7.0/toolchain/arm/arm-gnu-toolchain/bin/../lib/gcc/arm-none-eabi/6.3.1/../../../../arm-none-eabi/lib/thumb/v6-m\libc_nano.a(lib_a-nano-mallocr.o)
                0x200032fc                __malloc_free_list
 .bss.__malloc_sbrk_start
                0x20003300        0x4 c:/program files (x86)/atmel/studio/7.0/toolchain/arm/arm-gnu-toolchain/bin/../lib/gcc/arm-none-eabi/6.3.1/../../../../arm-none-eabi/lib/thumb/v6-m\libc_nano.a(lib_a-nano-mallocr.o)
                0x20003300                __malloc_sbrk_start
 *(COMMON)
 COMMON         0x20003304        0x1 src/ASF/sam0/drivers/can/can.o
                0x20003304                gclk_chan_conf
 *fill*         0x20003305        0x3 
 COMMON         0x20003308        0x8 src/can_utils.o
                0x20003308                pHwFiltersX
                0x2000330c                pHwFilters
 COMMON         0x20003310        0x4 src/UARTCommandConsole.o
                0x20003310                ConsoleTaskHandle
 COMMON         0x20003314       0x18 src/ASF/sam0/drivers/sercom/sercom_interrupt.o
                0x20003314                _sercom_instances
 COMMON         0x2000332c       0x40 src/ASF/thirdparty/freertos/freertos-10.0.0/Source/queue.o
                0x2000332c                xQueueRegistry
 COMMON         0x2000336c       0x24 src/main-blinky.o
                0x2000336c                txTaskHandle
                0x20003370                pRxFIFO
                0x20003374                tx_msg
                0x20003384                can_data
                0x2000338c                pTxFIFO
 COMMON         0x20003390        0x4 c:/program files (x86)/atmel/studio/7.0/toolchain/arm/arm-gnu-toolchain/bin/../lib/gcc/arm-none-eabi/6.3.1/../../../../arm-none-eabi/lib/thumb/v6-m\libc_nano.a(lib_a-reent.o)
                0x20003390                errno
                0x20003394                . = ALIGN (0x4)
                0x20003394                _ebss = .
                0x20003394                _ezero = .

.stack          0x20003394     0x2004 load address 0x0000aa18
                0x20003398                . = ALIGN (0x8)
 *fill*         0x20003394        0x4 
                0x20003398                _sstack = .
                0x20005398                . = (. + STACK_SIZE)
 *fill*         0x20003398     0x2000 
                0x20005398                . = ALIGN (0x8)
                0x20005398                _estack = .
                0x20005398                . = ALIGN (0x4)
                0x20005398                _end = .
OUTPUT(TestC21.elf elf32-littlearm)

.ARM.attributes
                0x00000000       0x28
 .ARM.attributes
                0x00000000       0x1e c:/program files (x86)/atmel/studio/7.0/toolchain/arm/arm-gnu-toolchain/bin/../lib/gcc/arm-none-eabi/6.3.1/thumb/v6-m/crti.o
 .ARM.attributes
                0x0000001e       0x2c c:/program files (x86)/atmel/studio/7.0/toolchain/arm/arm-gnu-toolchain/bin/../lib/gcc/arm-none-eabi/6.3.1/thumb/v6-m/crtbegin.o
 .ARM.attributes
                0x0000004a       0x32 src/ASF/sam0/drivers/can/can.o
 .ARM.attributes
                0x0000007c       0x32 src/can_utils.o
 .ARM.attributes
                0x000000ae       0x32 src/cli.o
 .ARM.attributes
                0x000000e0       0x32 src/UARTCommandConsole.o
 .ARM.attributes
                0x00000112       0x32 src/ASF/sam0/drivers/sercom/sercom.o
 .ARM.attributes
                0x00000144       0x32 src/ASF/sam0/drivers/sercom/sercom_interrupt.o
 .ARM.attributes
                0x00000176       0x32 src/ASF/sam0/drivers/sercom/usart/usart.o
 .ARM.attributes
                0x000001a8       0x32 src/ASF/sam0/drivers/sercom/usart/usart_interrupt.o
 .ARM.attributes
                0x000001da       0x32 src/ASF/sam0/drivers/system/clock/clock_samc20_c21/clock.o
 .ARM.attributes
                0x0000020c       0x32 src/ASF/sam0/drivers/system/system.o
 .ARM.attributes
                0x0000023e       0x32 src/ASF/thirdparty/freertos/freertos-10.0.0/Source/list.o
 .ARM.attributes
                0x00000270       0x32 src/ASF/thirdparty/freertos/freertos-10.0.0/Source/portable/GCC/ARM_CM0/port.o
 .ARM.attributes
                0x000002a2       0x32 src/ASF/thirdparty/freertos/freertos-10.0.0/Source/portable/MemMang/heap_1.o
 .ARM.attributes
                0x000002d4       0x32 src/ASF/thirdparty/freertos/freertos-10.0.0/Source/queue.o
 .ARM.attributes
                0x00000306       0x32 src/ASF/thirdparty/freertos/freertos-10.0.0/Source/tasks.o
 .ARM.attributes
                0x00000338       0x32 src/ASF/thirdparty/freertos/freertos-10.0.0/Source/timers.o
 .ARM.attributes
                0x0000036a       0x32 src/main-blinky.o
 .ARM.attributes
                0x0000039c       0x32 src/main.o
 .ARM.attributes
                0x000003ce       0x32 src/ASF/common/utils/interrupt/interrupt_sam_nvic.o
 .ARM.attributes
                0x00000400       0x32 src/ASF/sam0/boards/samc21_xplained_pro/board_init.o
 .ARM.attributes
                0x00000432       0x32 src/ASF/sam0/drivers/port/port.o
 .ARM.attributes
                0x00000464       0x32 src/ASF/sam0/drivers/system/clock/clock_samc20_c21/gclk.o
 .ARM.attributes
                0x00000496       0x32 src/ASF/sam0/drivers/system/pinmux/pinmux.o
 .ARM.attributes
                0x000004c8       0x32 src/ASF/sam0/utils/cmsis/samc21/source/gcc/startup_samc21.o
 .ARM.attributes
                0x000004fa       0x32 src/ASF/sam0/utils/syscalls/gcc/syscalls.o
 .ARM.attributes
                0x0000052c       0x1e c:/program files (x86)/atmel/studio/7.0/toolchain/arm/arm-gnu-toolchain/bin/../lib/gcc/arm-none-eabi/6.3.1/thumb/v6-m\libgcc.a(_udivsi3.o)
 .ARM.attributes
                0x0000054a       0x1e c:/program files (x86)/atmel/studio/7.0/toolchain/arm/arm-gnu-toolchain/bin/../lib/gcc/arm-none-eabi/6.3.1/thumb/v6-m\libgcc.a(_dvmd_tls.o)
 .ARM.attributes
                0x00000568       0x2c c:/program files (x86)/atmel/studio/7.0/toolchain/arm/arm-gnu-toolchain/bin/../lib/gcc/arm-none-eabi/6.3.1/thumb/v6-m\libgcc.a(_muldi3.o)
 .ARM.attributes
                0x00000594       0x2c c:/program files (x86)/atmel/studio/7.0/toolchain/arm/arm-gnu-toolchain/bin/../lib/gcc/arm-none-eabi/6.3.1/../../../../arm-none-eabi/lib/thumb/v6-m\libc_nano.a(lib_a-atoi.o)
 .ARM.attributes
                0x000005c0       0x2c c:/program files (x86)/atmel/studio/7.0/toolchain/arm/arm-gnu-toolchain/bin/../lib/gcc/arm-none-eabi/6.3.1/../../../../arm-none-eabi/lib/thumb/v6-m\libc_nano.a(lib_a-impure.o)
 .ARM.attributes
                0x000005ec       0x2c c:/program files (x86)/atmel/studio/7.0/toolchain/arm/arm-gnu-toolchain/bin/../lib/gcc/arm-none-eabi/6.3.1/../../../../arm-none-eabi/lib/thumb/v6-m\libc_nano.a(lib_a-init.o)
 .ARM.attributes
                0x00000618       0x2c c:/program files (x86)/atmel/studio/7.0/toolchain/arm/arm-gnu-toolchain/bin/../lib/gcc/arm-none-eabi/6.3.1/../../../../arm-none-eabi/lib/thumb/v6-m\libc_nano.a(lib_a-locale.o)
 .ARM.attributes
                0x00000644       0x2c c:/program files (x86)/atmel/studio/7.0/toolchain/arm/arm-gnu-toolchain/bin/../lib/gcc/arm-none-eabi/6.3.1/../../../../arm-none-eabi/lib/thumb/v6-m\libc_nano.a(lib_a-mbtowc_r.o)
 .ARM.attributes
                0x00000670       0x2c c:/program files (x86)/atmel/studio/7.0/toolchain/arm/arm-gnu-toolchain/bin/../lib/gcc/arm-none-eabi/6.3.1/../../../../arm-none-eabi/lib/thumb/v6-m\libc_nano.a(lib_a-memcpy-stub.o)
 .ARM.attributes
                0x0000069c       0x2c c:/program files (x86)/atmel/studio/7.0/toolchain/arm/arm-gnu-toolchain/bin/../lib/gcc/arm-none-eabi/6.3.1/../../../../arm-none-eabi/lib/thumb/v6-m\libc_nano.a(lib_a-memset.o)
 .ARM.attributes
                0x000006c8       0x1c c:/program files (x86)/atmel/studio/7.0/toolchain/arm/arm-gnu-toolchain/bin/../lib/gcc/arm-none-eabi/6.3.1/../../../../arm-none-eabi/lib/thumb/v6-m\libc_nano.a(lib_a-strcmp.o)
 .ARM.attributes
                0x000006e4       0x2c c:/program files (x86)/atmel/studio/7.0/toolchain/arm/arm-gnu-toolchain/bin/../lib/gcc/arm-none-eabi/6.3.1/../../../../arm-none-eabi/lib/thumb/v6-m\libc_nano.a(lib_a-strcpy.o)
 .ARM.attributes
                0x00000710       0x1c c:/program files (x86)/atmel/studio/7.0/toolchain/arm/arm-gnu-toolchain/bin/../lib/gcc/arm-none-eabi/6.3.1/../../../../arm-none-eabi/lib/thumb/v6-m\libc_nano.a(lib_a-strlen.o)
 .ARM.attributes
                0x0000072c       0x2c c:/program files (x86)/atmel/studio/7.0/toolchain/arm/arm-gnu-toolchain/bin/../lib/gcc/arm-none-eabi/6.3.1/../../../../arm-none-eabi/lib/thumb/v6-m\libc_nano.a(lib_a-strtok.o)
 .ARM.attributes
                0x00000758       0x2c c:/program files (x86)/atmel/studio/7.0/toolchain/arm/arm-gnu-toolchain/bin/../lib/gcc/arm-none-eabi/6.3.1/../../../../arm-none-eabi/lib/thumb/v6-m\libc_nano.a(lib_a-strtok_r.o)
 .ARM.attributes
                0x00000784       0x2c c:/program files (x86)/atmel/studio/7.0/toolchain/arm/arm-gnu-toolchain/bin/../lib/gcc/arm-none-eabi/6.3.1/../../../../arm-none-eabi/lib/thumb/v6-m\libc_nano.a(lib_a-strtol.o)
 .ARM.attributes
                0x000007b0       0x2c c:/program files (x86)/atmel/studio/7.0/toolchain/arm/arm-gnu-toolchain/bin/../lib/gcc/arm-none-eabi/6.3.1/../../../../arm-none-eabi/lib/thumb/v6-m\libc_nano.a(lib_a-wctomb_r.o)
 .ARM.attributes
                0x000007dc       0x2c c:/program files (x86)/atmel/studio/7.0/toolchain/arm/arm-gnu-toolchain/bin/../lib/gcc/arm-none-eabi/6.3.1/../../../../arm-none-eabi/lib/thumb/v6-m\libc_nano.a(lib_a-ctype_.o)
 .ARM.attributes
                0x00000808       0x2c c:/program files (x86)/atmel/studio/7.0/toolchain/arm/arm-gnu-toolchain/bin/../lib/gcc/arm-none-eabi/6.3.1/../../../../arm-none-eabi/lib/thumb/v6-m\libc_nano.a(lib_a-malloc.o)
 .ARM.attributes
                0x00000834       0x2c c:/program files (x86)/atmel/studio/7.0/toolchain/arm/arm-gnu-toolchain/bin/../lib/gcc/arm-none-eabi/6.3.1/../../../../arm-none-eabi/lib/thumb/v6-m\libc_nano.a(lib_a-nano-mallocr.o)
 .ARM.attributes
                0x00000860       0x2c c:/program files (x86)/atmel/studio/7.0/toolchain/arm/arm-gnu-toolchain/bin/../lib/gcc/arm-none-eabi/6.3.1/../../../../arm-none-eabi/lib/thumb/v6-m\libc_nano.a(lib_a-sbrkr.o)
 .ARM.attributes
                0x0000088c       0x2c c:/program files (x86)/atmel/studio/7.0/toolchain/arm/arm-gnu-toolchain/bin/../lib/gcc/arm-none-eabi/6.3.1/../../../../arm-none-eabi/lib/thumb/v6-m\libc_nano.a(lib_a-mlock.o)
 .ARM.attributes
                0x000008b8       0x2c c:/program files (x86)/atmel/studio/7.0/toolchain/arm/arm-gnu-toolchain/bin/../lib/gcc/arm-none-eabi/6.3.1/../../../../arm-none-eabi/lib/thumb/v6-m\libc_nano.a(lib_a-reent.o)
 .ARM.attributes
                0x000008e4       0x1e c:/program files (x86)/atmel/studio/7.0/toolchain/arm/arm-gnu-toolchain/bin/../lib/gcc/arm-none-eabi/6.3.1/thumb/v6-m/crtn.o

.comment        0x00000000       0x59
 .comment       0x00000000       0x59 src/ASF/sam0/drivers/can/can.o
                                 0x5a (size before relaxing)
 .comment       0x00000059       0x5a src/can_utils.o
 .comment       0x00000059       0x5a src/cli.o
 .comment       0x00000059       0x5a src/UARTCommandConsole.o
 .comment       0x00000059       0x5a src/ASF/sam0/drivers/sercom/sercom.o
 .comment       0x00000059       0x5a src/ASF/sam0/drivers/sercom/sercom_interrupt.o
 .comment       0x00000059       0x5a src/ASF/sam0/drivers/sercom/usart/usart.o
 .comment       0x00000059       0x5a src/ASF/sam0/drivers/sercom/usart/usart_interrupt.o
 .comment       0x00000059       0x5a src/ASF/sam0/drivers/system/clock/clock_samc20_c21/clock.o
 .comment       0x00000059       0x5a src/ASF/sam0/drivers/system/system.o
 .comment       0x00000059       0x5a src/ASF/thirdparty/freertos/freertos-10.0.0/Source/list.o
 .comment       0x00000059       0x5a src/ASF/thirdparty/freertos/freertos-10.0.0/Source/portable/GCC/ARM_CM0/port.o
 .comment       0x00000059       0x5a src/ASF/thirdparty/freertos/freertos-10.0.0/Source/portable/MemMang/heap_1.o
 .comment       0x00000059       0x5a src/ASF/thirdparty/freertos/freertos-10.0.0/Source/queue.o
 .comment       0x00000059       0x5a src/ASF/thirdparty/freertos/freertos-10.0.0/Source/tasks.o
 .comment       0x00000059       0x5a src/ASF/thirdparty/freertos/freertos-10.0.0/Source/timers.o
 .comment       0x00000059       0x5a src/main-blinky.o
 .comment       0x00000059       0x5a src/main.o
 .comment       0x00000059       0x5a src/ASF/common/utils/interrupt/interrupt_sam_nvic.o
 .comment       0x00000059       0x5a src/ASF/sam0/boards/samc21_xplained_pro/board_init.o
 .comment       0x00000059       0x5a src/ASF/sam0/drivers/port/port.o
 .comment       0x00000059       0x5a src/ASF/sam0/drivers/system/clock/clock_samc20_c21/gclk.o
 .comment       0x00000059       0x5a src/ASF/sam0/drivers/system/pinmux/pinmux.o
 .comment       0x00000059       0x5a src/ASF/sam0/utils/cmsis/samc21/source/gcc/startup_samc21.o
 .comment       0x00000059       0x5a src/ASF/sam0/utils/syscalls/gcc/syscalls.o

.debug_info     0x00000000    0x362d2
 .debug_info    0x00000000     0x54f0 src/ASF/sam0/drivers/can/can.o
 .debug_info    0x000054f0     0x43bb src/can_utils.o
 .debug_info    0x000098ab      0xd6e src/cli.o
 .debug_info    0x0000a619     0x3a18 src/UARTCommandConsole.o
 .debug_info    0x0000e031     0x2e5c src/ASF/sam0/drivers/sercom/sercom.o
 .debug_info    0x00010e8d     0x2c53 src/ASF/sam0/drivers/sercom/sercom_interrupt.o
 .debug_info    0x00013ae0     0x4963 src/ASF/sam0/drivers/sercom/usart/usart.o
 .debug_info    0x00018443     0x2fde src/ASF/sam0/drivers/sercom/usart/usart_interrupt.o
 .debug_info    0x0001b421     0x3801 src/ASF/sam0/drivers/system/clock/clock_samc20_c21/clock.o
 .debug_info    0x0001ec22      0xa74 src/ASF/sam0/drivers/system/system.o
 .debug_info    0x0001f696      0xc69 src/ASF/thirdparty/freertos/freertos-10.0.0/Source/list.o
 .debug_info    0x000202ff      0xc85 src/ASF/thirdparty/freertos/freertos-10.0.0/Source/portable/GCC/ARM_CM0/port.o
 .debug_info    0x00020f84      0xb84 src/ASF/thirdparty/freertos/freertos-10.0.0/Source/portable/MemMang/heap_1.o
 .debug_info    0x00021b08     0x235b src/ASF/thirdparty/freertos/freertos-10.0.0/Source/queue.o
 .debug_info    0x00023e63     0x2a44 src/ASF/thirdparty/freertos/freertos-10.0.0/Source/tasks.o
 .debug_info    0x000268a7     0x1850 src/ASF/thirdparty/freertos/freertos-10.0.0/Source/timers.o
 .debug_info    0x000280f7     0x5ce2 src/main-blinky.o
 .debug_info    0x0002ddd9     0x14f5 src/main.o
 .debug_info    0x0002f2ce      0xb0a src/ASF/common/utils/interrupt/interrupt_sam_nvic.o
 .debug_info    0x0002fdd8     0x1245 src/ASF/sam0/boards/samc21_xplained_pro/board_init.o
 .debug_info    0x0003101d     0x121a src/ASF/sam0/drivers/port/port.o
 .debug_info    0x00032237     0x1a60 src/ASF/sam0/drivers/system/clock/clock_samc20_c21/gclk.o
 .debug_info    0x00033c97     0x135c src/ASF/sam0/drivers/system/pinmux/pinmux.o
 .debug_info    0x00034ff3      0x53e src/ASF/sam0/utils/cmsis/samc21/source/gcc/startup_samc21.o
 .debug_info    0x00035531      0xda1 src/ASF/sam0/utils/syscalls/gcc/syscalls.o

.debug_abbrev   0x00000000     0x45f0
 .debug_abbrev  0x00000000      0x38e src/ASF/sam0/drivers/can/can.o
 .debug_abbrev  0x0000038e      0x33d src/can_utils.o
 .debug_abbrev  0x000006cb      0x237 src/cli.o
 .debug_abbrev  0x00000902      0x374 src/UARTCommandConsole.o
 .debug_abbrev  0x00000c76      0x30e src/ASF/sam0/drivers/sercom/sercom.o
 .debug_abbrev  0x00000f84      0x2bf src/ASF/sam0/drivers/sercom/sercom_interrupt.o
 .debug_abbrev  0x00001243      0x38f src/ASF/sam0/drivers/sercom/usart/usart.o
 .debug_abbrev  0x000015d2      0x344 src/ASF/sam0/drivers/sercom/usart/usart_interrupt.o
 .debug_abbrev  0x00001916      0x369 src/ASF/sam0/drivers/system/clock/clock_samc20_c21/clock.o
 .debug_abbrev  0x00001c7f      0x1e1 src/ASF/sam0/drivers/system/system.o
 .debug_abbrev  0x00001e60      0x203 src/ASF/thirdparty/freertos/freertos-10.0.0/Source/list.o
 .debug_abbrev  0x00002063      0x2ce src/ASF/thirdparty/freertos/freertos-10.0.0/Source/portable/GCC/ARM_CM0/port.o
 .debug_abbrev  0x00002331      0x280 src/ASF/thirdparty/freertos/freertos-10.0.0/Source/portable/MemMang/heap_1.o
 .debug_abbrev  0x000025b1      0x2d4 src/ASF/thirdparty/freertos/freertos-10.0.0/Source/queue.o
 .debug_abbrev  0x00002885      0x2e5 src/ASF/thirdparty/freertos/freertos-10.0.0/Source/tasks.o
 .debug_abbrev  0x00002b6a      0x2b4 src/ASF/thirdparty/freertos/freertos-10.0.0/Source/timers.o
 .debug_abbrev  0x00002e1e      0x3b0 src/main-blinky.o
 .debug_abbrev  0x000031ce      0x330 src/main.o
 .debug_abbrev  0x000034fe      0x23d src/ASF/common/utils/interrupt/interrupt_sam_nvic.o
 .debug_abbrev  0x0000373b      0x28d src/ASF/sam0/boards/samc21_xplained_pro/board_init.o
 .debug_abbrev  0x000039c8      0x266 src/ASF/sam0/drivers/port/port.o
 .debug_abbrev  0x00003c2e      0x37c src/ASF/sam0/drivers/system/clock/clock_samc20_c21/gclk.o
 .debug_abbrev  0x00003faa      0x2c2 src/ASF/sam0/drivers/system/pinmux/pinmux.o
 .debug_abbrev  0x0000426c      0x15a src/ASF/sam0/utils/cmsis/samc21/source/gcc/startup_samc21.o
 .debug_abbrev  0x000043c6      0x22a src/ASF/sam0/utils/syscalls/gcc/syscalls.o

.debug_loc      0x00000000     0x4a8f
 .debug_loc     0x00000000      0x5e8 src/ASF/sam0/drivers/can/can.o
 .debug_loc     0x000005e8      0x268 src/can_utils.o
 .debug_loc     0x00000850      0x150 src/cli.o
 .debug_loc     0x000009a0      0x376 src/UARTCommandConsole.o
 .debug_loc     0x00000d16      0x18c src/ASF/sam0/drivers/sercom/sercom.o
 .debug_loc     0x00000ea2      0x1b0 src/ASF/sam0/drivers/sercom/sercom_interrupt.o
 .debug_loc     0x00001052      0x297 src/ASF/sam0/drivers/sercom/usart/usart.o
 .debug_loc     0x000012e9      0x330 src/ASF/sam0/drivers/sercom/usart/usart_interrupt.o
 .debug_loc     0x00001619      0x376 src/ASF/sam0/drivers/system/clock/clock_samc20_c21/clock.o
 .debug_loc     0x0000198f       0x58 src/ASF/sam0/drivers/system/system.o
 .debug_loc     0x000019e7      0x118 src/ASF/thirdparty/freertos/freertos-10.0.0/Source/list.o
 .debug_loc     0x00001aff      0x1dc src/ASF/thirdparty/freertos/freertos-10.0.0/Source/portable/GCC/ARM_CM0/port.o
 .debug_loc     0x00001cdb       0xc8 src/ASF/thirdparty/freertos/freertos-10.0.0/Source/portable/MemMang/heap_1.o
 .debug_loc     0x00001da3      0x8f8 src/ASF/thirdparty/freertos/freertos-10.0.0/Source/queue.o
 .debug_loc     0x0000269b      0xce5 src/ASF/thirdparty/freertos/freertos-10.0.0/Source/tasks.o
 .debug_loc     0x00003380      0x529 src/ASF/thirdparty/freertos/freertos-10.0.0/Source/timers.o
 .debug_loc     0x000038a9      0x642 src/main-blinky.o
 .debug_loc     0x00003eeb      0x220 src/main.o
 .debug_loc     0x0000410b       0x64 src/ASF/common/utils/interrupt/interrupt_sam_nvic.o
 .debug_loc     0x0000416f      0x118 src/ASF/sam0/boards/samc21_xplained_pro/board_init.o
 .debug_loc     0x00004287       0xa8 src/ASF/sam0/drivers/port/port.o
 .debug_loc     0x0000432f      0x394 src/ASF/sam0/drivers/system/clock/clock_samc20_c21/gclk.o
 .debug_loc     0x000046c3      0x150 src/ASF/sam0/drivers/system/pinmux/pinmux.o
 .debug_loc     0x00004813       0x90 src/ASF/sam0/utils/cmsis/samc21/source/gcc/startup_samc21.o
 .debug_loc     0x000048a3      0x1ec src/ASF/sam0/utils/syscalls/gcc/syscalls.o

.debug_aranges  0x00000000      0xd68
 .debug_aranges
                0x00000000       0xf0 src/ASF/sam0/drivers/can/can.o
 .debug_aranges
                0x000000f0       0x70 src/can_utils.o
 .debug_aranges
                0x00000160       0x48 src/cli.o
 .debug_aranges
                0x000001a8       0x98 src/UARTCommandConsole.o
 .debug_aranges
                0x00000240       0x50 src/ASF/sam0/drivers/sercom/sercom.o
 .debug_aranges
                0x00000290       0x60 src/ASF/sam0/drivers/sercom/sercom_interrupt.o
 .debug_aranges
                0x000002f0       0x78 src/ASF/sam0/drivers/sercom/usart/usart.o
 .debug_aranges
                0x00000368       0x90 src/ASF/sam0/drivers/sercom/usart/usart_interrupt.o
 .debug_aranges
                0x000003f8       0x98 src/ASF/sam0/drivers/system/clock/clock_samc20_c21/clock.o
 .debug_aranges
                0x00000490       0x28 src/ASF/sam0/drivers/system/system.o
 .debug_aranges
                0x000004b8       0x40 src/ASF/thirdparty/freertos/freertos-10.0.0/Source/list.o
 .debug_aranges
                0x000004f8       0x88 src/ASF/thirdparty/freertos/freertos-10.0.0/Source/portable/GCC/ARM_CM0/port.o
 .debug_aranges
                0x00000580       0x38 src/ASF/thirdparty/freertos/freertos-10.0.0/Source/portable/MemMang/heap_1.o
 .debug_aranges
                0x000005b8      0x160 src/ASF/thirdparty/freertos/freertos-10.0.0/Source/queue.o
 .debug_aranges
                0x00000718      0x1f8 src/ASF/thirdparty/freertos/freertos-10.0.0/Source/tasks.o
 .debug_aranges
                0x00000910       0xd8 src/ASF/thirdparty/freertos/freertos-10.0.0/Source/timers.o
 .debug_aranges
                0x000009e8      0x100 src/main-blinky.o
 .debug_aranges
                0x00000ae8       0x70 src/main.o
 .debug_aranges
                0x00000b58       0x28 src/ASF/common/utils/interrupt/interrupt_sam_nvic.o
 .debug_aranges
                0x00000b80       0x40 src/ASF/sam0/boards/samc21_xplained_pro/board_init.o
 .debug_aranges
                0x00000bc0       0x30 src/ASF/sam0/drivers/port/port.o
 .debug_aranges
                0x00000bf0       0xa0 src/ASF/sam0/drivers/system/clock/clock_samc20_c21/gclk.o
 .debug_aranges
                0x00000c90       0x48 src/ASF/sam0/drivers/system/pinmux/pinmux.o
 .debug_aranges
                0x00000cd8       0x30 src/ASF/sam0/utils/cmsis/samc21/source/gcc/startup_samc21.o
 .debug_aranges
                0x00000d08       0x60 src/ASF/sam0/utils/syscalls/gcc/syscalls.o

.debug_ranges   0x00000000      0xbd8
 .debug_ranges  0x00000000       0xe0 src/ASF/sam0/drivers/can/can.o
 .debug_ranges  0x000000e0       0x60 src/can_utils.o
 .debug_ranges  0x00000140       0x38 src/cli.o
 .debug_ranges  0x00000178       0x88 src/UARTCommandConsole.o
 .debug_ranges  0x00000200       0x40 src/ASF/sam0/drivers/sercom/sercom.o
 .debug_ranges  0x00000240       0x50 src/ASF/sam0/drivers/sercom/sercom_interrupt.o
 .debug_ranges  0x00000290       0x68 src/ASF/sam0/drivers/sercom/usart/usart.o
 .debug_ranges  0x000002f8       0x80 src/ASF/sam0/drivers/sercom/usart/usart_interrupt.o
 .debug_ranges  0x00000378       0x88 src/ASF/sam0/drivers/system/clock/clock_samc20_c21/clock.o
 .debug_ranges  0x00000400       0x18 src/ASF/sam0/drivers/system/system.o
 .debug_ranges  0x00000418       0x30 src/ASF/thirdparty/freertos/freertos-10.0.0/Source/list.o
 .debug_ranges  0x00000448       0x78 src/ASF/thirdparty/freertos/freertos-10.0.0/Source/portable/GCC/ARM_CM0/port.o
 .debug_ranges  0x000004c0       0x28 src/ASF/thirdparty/freertos/freertos-10.0.0/Source/portable/MemMang/heap_1.o
 .debug_ranges  0x000004e8      0x150 src/ASF/thirdparty/freertos/freertos-10.0.0/Source/queue.o
 .debug_ranges  0x00000638      0x1e8 src/ASF/thirdparty/freertos/freertos-10.0.0/Source/tasks.o
 .debug_ranges  0x00000820       0xc8 src/ASF/thirdparty/freertos/freertos-10.0.0/Source/timers.o
 .debug_ranges  0x000008e8       0xf0 src/main-blinky.o
 .debug_ranges  0x000009d8       0x60 src/main.o
 .debug_ranges  0x00000a38       0x18 src/ASF/common/utils/interrupt/interrupt_sam_nvic.o
 .debug_ranges  0x00000a50       0x30 src/ASF/sam0/boards/samc21_xplained_pro/board_init.o
 .debug_ranges  0x00000a80       0x20 src/ASF/sam0/drivers/port/port.o
 .debug_ranges  0x00000aa0       0x90 src/ASF/sam0/drivers/system/clock/clock_samc20_c21/gclk.o
 .debug_ranges  0x00000b30       0x38 src/ASF/sam0/drivers/system/pinmux/pinmux.o
 .debug_ranges  0x00000b68       0x20 src/ASF/sam0/utils/cmsis/samc21/source/gcc/startup_samc21.o
 .debug_ranges  0x00000b88       0x50 src/ASF/sam0/utils/syscalls/gcc/syscalls.o

.debug_macro    0x00000000    0x24c60
 .debug_macro   0x00000000      0x66b src/ASF/sam0/drivers/can/can.o
 .debug_macro   0x0000066b      0x8bc src/ASF/sam0/drivers/can/can.o
 .debug_macro   0x00000f27      0x16d src/ASF/sam0/drivers/can/can.o
 .debug_macro   0x00001094      0x708 src/ASF/sam0/drivers/can/can.o
 .debug_macro   0x0000179c       0x22 src/ASF/sam0/drivers/can/can.o
 .debug_macro   0x000017be       0x87 src/ASF/sam0/drivers/can/can.o
 .debug_macro   0x00001845       0x51 src/ASF/sam0/drivers/can/can.o
 .debug_macro   0x00001896       0xef src/ASF/sam0/drivers/can/can.o
 .debug_macro   0x00001985       0x6a src/ASF/sam0/drivers/can/can.o
 .debug_macro   0x000019ef      0x1df src/ASF/sam0/drivers/can/can.o
 .debug_macro   0x00001bce       0x10 src/ASF/sam0/drivers/can/can.o
 .debug_macro   0x00001bde       0x76 src/ASF/sam0/drivers/can/can.o
 .debug_macro   0x00001c54       0x16 src/ASF/sam0/drivers/can/can.o
 .debug_macro   0x00001c6a      0x6db src/ASF/sam0/drivers/can/can.o
 .debug_macro   0x00002345      0xdd8 src/ASF/sam0/drivers/can/can.o
 .debug_macro   0x0000311d       0x22 src/ASF/sam0/drivers/can/can.o
 .debug_macro   0x0000313f       0x40 src/ASF/sam0/drivers/can/can.o
 .debug_macro   0x0000317f       0x1c src/ASF/sam0/drivers/can/can.o
 .debug_macro   0x0000319b       0x22 src/ASF/sam0/drivers/can/can.o
 .debug_macro   0x000031bd       0xb5 src/ASF/sam0/drivers/can/can.o
 .debug_macro   0x00003272      0x4da src/ASF/sam0/drivers/can/can.o
 .debug_macro   0x0000374c      0x11f src/ASF/sam0/drivers/can/can.o
 .debug_macro   0x0000386b      0x897 src/ASF/sam0/drivers/can/can.o
 .debug_macro   0x00004102      0x8c4 src/ASF/sam0/drivers/can/can.o
 .debug_macro   0x000049c6     0x2d61 src/ASF/sam0/drivers/can/can.o
 .debug_macro   0x00007727      0x222 src/ASF/sam0/drivers/can/can.o
 .debug_macro   0x00007949      0x286 src/ASF/sam0/drivers/can/can.o
 .debug_macro   0x00007bcf      0x137 src/ASF/sam0/drivers/can/can.o
 .debug_macro   0x00007d06      0xc3a src/ASF/sam0/drivers/can/can.o
 .debug_macro   0x00008940      0x5f0 src/ASF/sam0/drivers/can/can.o
 .debug_macro   0x00008f30      0x5be src/ASF/sam0/drivers/can/can.o
 .debug_macro   0x000094ee      0x828 src/ASF/sam0/drivers/can/can.o
 .debug_macro   0x00009d16      0x172 src/ASF/sam0/drivers/can/can.o
 .debug_macro   0x00009e88      0x286 src/ASF/sam0/drivers/can/can.o
 .debug_macro   0x0000a10e      0x55f src/ASF/sam0/drivers/can/can.o
 .debug_macro   0x0000a66d      0x433 src/ASF/sam0/drivers/can/can.o
 .debug_macro   0x0000aaa0      0x21c src/ASF/sam0/drivers/can/can.o
 .debug_macro   0x0000acbc      0x7a2 src/ASF/sam0/drivers/can/can.o
 .debug_macro   0x0000b45e      0x557 src/ASF/sam0/drivers/can/can.o
 .debug_macro   0x0000b9b5      0x335 src/ASF/sam0/drivers/can/can.o
 .debug_macro   0x0000bcea      0x6ab src/ASF/sam0/drivers/can/can.o
 .debug_macro   0x0000c395       0xc4 src/ASF/sam0/drivers/can/can.o
 .debug_macro   0x0000c459      0x349 src/ASF/sam0/drivers/can/can.o
 .debug_macro   0x0000c7a2       0x6a src/ASF/sam0/drivers/can/can.o
 .debug_macro   0x0000c80c     0x1216 src/ASF/sam0/drivers/can/can.o
 .debug_macro   0x0000da22      0x5a9 src/ASF/sam0/drivers/can/can.o
 .debug_macro   0x0000dfcb      0xfc5 src/ASF/sam0/drivers/can/can.o
 .debug_macro   0x0000ef90      0x5a1 src/ASF/sam0/drivers/can/can.o
 .debug_macro   0x0000f531      0x3c4 src/ASF/sam0/drivers/can/can.o
 .debug_macro   0x0000f8f5      0x8b2 src/ASF/sam0/drivers/can/can.o
 .debug_macro   0x000101a7     0x19c2 src/ASF/sam0/drivers/can/can.o
 .debug_macro   0x00011b69      0x39c src/ASF/sam0/drivers/can/can.o
 .debug_macro   0x00011f05      0x36e src/ASF/sam0/drivers/can/can.o
 .debug_macro   0x00012273       0x94 src/ASF/sam0/drivers/can/can.o
 .debug_macro   0x00012307       0xac src/ASF/sam0/drivers/can/can.o
 .debug_macro   0x000123b3       0xac src/ASF/sam0/drivers/can/can.o
 .debug_macro   0x0001245f      0x14d src/ASF/sam0/drivers/can/can.o
 .debug_macro   0x000125ac      0x14d src/ASF/sam0/drivers/can/can.o
 .debug_macro   0x000126f9       0x4c src/ASF/sam0/drivers/can/can.o
 .debug_macro   0x00012745       0x58 src/ASF/sam0/drivers/can/can.o
 .debug_macro   0x0001279d       0x3a src/ASF/sam0/drivers/can/can.o
 .debug_macro   0x000127d7       0xd0 src/ASF/sam0/drivers/can/can.o
 .debug_macro   0x000128a7       0xb8 src/ASF/sam0/drivers/can/can.o
 .debug_macro   0x0001295f       0x64 src/ASF/sam0/drivers/can/can.o
 .debug_macro   0x000129c3      0x5fe src/ASF/sam0/drivers/can/can.o
 .debug_macro   0x00012fc1       0x46 src/ASF/sam0/drivers/can/can.o
 .debug_macro   0x00013007      0x1c2 src/ASF/sam0/drivers/can/can.o
 .debug_macro   0x000131c9      0x188 src/ASF/sam0/drivers/can/can.o
 .debug_macro   0x00013351       0x52 src/ASF/sam0/drivers/can/can.o
 .debug_macro   0x000133a3       0xa0 src/ASF/sam0/drivers/can/can.o
 .debug_macro   0x00013443       0xdc src/ASF/sam0/drivers/can/can.o
 .debug_macro   0x0001351f       0x8e src/ASF/sam0/drivers/can/can.o
 .debug_macro   0x000135ad       0x4c src/ASF/sam0/drivers/can/can.o
 .debug_macro   0x000135f9       0x64 src/ASF/sam0/drivers/can/can.o
 .debug_macro   0x0001365d       0x22 src/ASF/sam0/drivers/can/can.o
 .debug_macro   0x0001367f      0x16e src/ASF/sam0/drivers/can/can.o
 .debug_macro   0x000137ed       0x16 src/ASF/sam0/drivers/can/can.o
 .debug_macro   0x00013803       0xd6 src/ASF/sam0/drivers/can/can.o
 .debug_macro   0x000138d9       0xa0 src/ASF/sam0/drivers/can/can.o
 .debug_macro   0x00013979      0x136 src/ASF/sam0/drivers/can/can.o
 .debug_macro   0x00013aaf      0x136 src/ASF/sam0/drivers/can/can.o
 .debug_macro   0x00013be5      0x136 src/ASF/sam0/drivers/can/can.o
 .debug_macro   0x00013d1b      0x136 src/ASF/sam0/drivers/can/can.o
 .debug_macro   0x00013e51      0x136 src/ASF/sam0/drivers/can/can.o
 .debug_macro   0x00013f87      0x136 src/ASF/sam0/drivers/can/can.o
 .debug_macro   0x000140bd       0x4c src/ASF/sam0/drivers/can/can.o
 .debug_macro   0x00014109      0x16c src/ASF/sam0/drivers/can/can.o
 .debug_macro   0x00014275       0xfa src/ASF/sam0/drivers/can/can.o
 .debug_macro   0x0001436f       0xfa src/ASF/sam0/drivers/can/can.o
 .debug_macro   0x00014469       0xfa src/ASF/sam0/drivers/can/can.o
 .debug_macro   0x00014563       0xfa src/ASF/sam0/drivers/can/can.o
 .debug_macro   0x0001465d       0xfa src/ASF/sam0/drivers/can/can.o
 .debug_macro   0x00014757      0x124 src/ASF/sam0/drivers/can/can.o
 .debug_macro   0x0001487b       0xfa src/ASF/sam0/drivers/can/can.o
 .debug_macro   0x00014975       0xee src/ASF/sam0/drivers/can/can.o
 .debug_macro   0x00014a63       0x76 src/ASF/sam0/drivers/can/can.o
 .debug_macro   0x00014ad9       0x3a src/ASF/sam0/drivers/can/can.o
 .debug_macro   0x00014b13      0x487 src/ASF/sam0/drivers/can/can.o
 .debug_macro   0x00014f9a     0x2683 src/ASF/sam0/drivers/can/can.o
 .debug_macro   0x0001761d       0x82 src/ASF/sam0/drivers/can/can.o
 .debug_macro   0x0001769f       0x58 src/ASF/sam0/drivers/can/can.o
 .debug_macro   0x000176f7       0x35 src/ASF/sam0/drivers/can/can.o
 .debug_macro   0x0001772c       0x9c src/ASF/sam0/drivers/can/can.o
 .debug_macro   0x000177c8       0x16 src/ASF/sam0/drivers/can/can.o
 .debug_macro   0x000177de       0x35 src/ASF/sam0/drivers/can/can.o
 .debug_macro   0x00017813      0x34d src/ASF/sam0/drivers/can/can.o
 .debug_macro   0x00017b60       0x10 src/ASF/sam0/drivers/can/can.o
 .debug_macro   0x00017b70       0x58 src/ASF/sam0/drivers/can/can.o
 .debug_macro   0x00017bc8       0x1f src/ASF/sam0/drivers/can/can.o
 .debug_macro   0x00017be7       0x43 src/ASF/sam0/drivers/can/can.o
 .debug_macro   0x00017c2a       0x20 src/ASF/sam0/drivers/can/can.o
 .debug_macro   0x00017c4a      0x187 src/ASF/sam0/drivers/can/can.o
 .debug_macro   0x00017dd1       0x10 src/ASF/sam0/drivers/can/can.o
 .debug_macro   0x00017de1       0x1c src/ASF/sam0/drivers/can/can.o
 .debug_macro   0x00017dfd       0x52 src/ASF/sam0/drivers/can/can.o
 .debug_macro   0x00017e4f       0x40 src/ASF/sam0/drivers/can/can.o
 .debug_macro   0x00017e8f       0x10 src/ASF/sam0/drivers/can/can.o
 .debug_macro   0x00017e9f       0x40 src/ASF/sam0/drivers/can/can.o
 .debug_macro   0x00017edf       0xd7 src/ASF/sam0/drivers/can/can.o
 .debug_macro   0x00017fb6       0x16 src/ASF/sam0/drivers/can/can.o
 .debug_macro   0x00017fcc      0x18b src/ASF/sam0/drivers/can/can.o
 .debug_macro   0x00018157       0x16 src/ASF/sam0/drivers/can/can.o
 .debug_macro   0x0001816d       0x16 src/ASF/sam0/drivers/can/can.o
 .debug_macro   0x00018183       0x29 src/ASF/sam0/drivers/can/can.o
 .debug_macro   0x000181ac       0x51 src/ASF/sam0/drivers/can/can.o
 .debug_macro   0x000181fd       0x3e src/ASF/sam0/drivers/can/can.o
 .debug_macro   0x0001823b      0x3df src/ASF/sam0/drivers/can/can.o
 .debug_macro   0x0001861a       0x18 src/ASF/sam0/drivers/can/can.o
 .debug_macro   0x00018632       0xa0 src/ASF/sam0/drivers/can/can.o
 .debug_macro   0x000186d2      0x36c src/ASF/sam0/drivers/can/can.o
 .debug_macro   0x00018a3e       0x16 src/ASF/sam0/drivers/can/can.o
 .debug_macro   0x00018a54      0x81d src/can_utils.o
 .debug_macro   0x00019271      0x2d8 src/can_utils.o
 .debug_macro   0x00019549      0x7e6 src/can_utils.o
 .debug_macro   0x00019d2f      0x111 src/can_utils.o
 .debug_macro   0x00019e40      0x15a src/can_utils.o
 .debug_macro   0x00019f9a       0xa6 src/can_utils.o
 .debug_macro   0x0001a040       0x10 src/can_utils.o
 .debug_macro   0x0001a050       0x1f src/can_utils.o
 .debug_macro   0x0001a06f      0x47f src/can_utils.o